 ARDOP3

 Timestamp is 5d0b49b9 (Thu Jun 20 09:54:17 2019)

 Preferred load address is 00400000

 Start         Length     Name                   Class
 0001:00000000 0002eb3bH .text                   CODE
 0002:00000000 000001ecH .idata$5                DATA
 0002:000001ec 00000004H .CRT$XCA                DATA
 0002:000001f0 00000004H .CRT$XCZ                DATA
 0002:000001f4 00000004H .CRT$XIA                DATA
 0002:000001f8 00000014H .CRT$XIC                DATA
 0002:0000020c 00000004H .CRT$XIZ                DATA
 0002:00000210 00000004H .CRT$XPA                DATA
 0002:00000214 00000004H .CRT$XPX                DATA
 0002:00000218 00000004H .CRT$XPXA               DATA
 0002:0000021c 00000004H .CRT$XPZ                DATA
 0002:00000220 00000004H .CRT$XTA                DATA
 0002:00000224 00000004H .CRT$XTZ                DATA
 0002:00000230 0000f9c8H .rdata                  DATA
 0002:0000fbf8 00000035H .rdata$debug            DATA
 0002:0000fc30 0000000cH .rdata$sxdata           DATA
 0002:0000fc3c 00000004H .rtc$IAA                DATA
 0002:0000fc40 00000004H .rtc$IZZ                DATA
 0002:0000fc44 00000004H .rtc$TAA                DATA
 0002:0000fc48 00000004H .rtc$TZZ                DATA
 0002:0000fc50 000004b4H .xdata$x                DATA
 0002:00010104 0000003cH .idata$2                DATA
 0002:00010140 00000014H .idata$3                DATA
 0002:00010154 000001ecH .idata$4                DATA
 0002:00010340 00000774H .idata$6                DATA
 0002:00010ab4 00000000H .edata                  DATA
 0003:00000000 00002210H .data                   DATA
 0003:00002220 00049ee8H .bss                    DATA

  Address         Publics by Value              Rva+Base       Lib:Object

 0000:00000000       __except_list              00000000     <absolute>
 0000:00000003       ___safe_se_handler_count   00000003     <absolute>
 0000:00000000       ___ImageBase               00400000     <linker-defined>
 0001:00000000       _ResetRXState              00401000 f   ackbycarrier.obj
 0001:00000030       _ResetTXState              00401030 f   ackbycarrier.obj
 0001:000000e0       _ResetPSNState             004010e0 f   ackbycarrier.obj
 0001:00000130       _EncodeData                00401130 f   ackbycarrier.obj
 0001:000004b0       _ModCarrierSet             004014b0 f   ackbycarrier.obj
 0001:000010e0       _AckCarrier                004020e0 f   ackbycarrier.obj
 0001:00001110       _ProcessMultiACK           00402110 f   ackbycarrier.obj
 0001:000013d0       _GetUnackedDataCount       004023d0 f   ackbycarrier.obj
 0001:00001420       _RequeueData               00402420 f   ackbycarrier.obj
 0001:00001530       _CheckAndCorrectCarrier    00402530 f   ackbycarrier.obj
 0001:000015e0       _PassGoodDataToHost        004025e0 f   ackbycarrier.obj
 0001:00001750       _GenCRC6                   00402750 f   ackbycarrier.obj
 0001:000017a0       _EncodeAndSendMulticarrierACK 004027a0 f   ackbycarrier.obj
 0001:00001900       _strlop                    00402900 f   ARDOPC.obj
 0001:00001920       _CheckValidCallsignSyntax  00402920 f   ARDOPC.obj
 0001:000019c0       _CheckGSSyntax             004029c0 f   ARDOPC.obj
 0001:00001a90       _ardopmain                 00402a90 f   ARDOPC.obj
 0001:00001c40       _FrameInfo                 00402c40 f   ARDOPC.obj
 0001:00002300       _RSEncode                  00403300 f   ARDOPC.obj
 0001:000023b0       _RSDecode                  004033b0 f   ARDOPC.obj
 0001:00002540       _EncodePSKData             00403540 f   ARDOPC.obj
 0001:00002700       _EncodeARQConRequest       00403700 f   ARDOPC.obj
 0001:000027e0       _EncodePing                004037e0 f   ARDOPC.obj
 0001:00002860       _EncodeCQ                  00403860 f   ARDOPC.obj
 0001:000028e0       _EncodePSKIDFrame          004038e0 f   ARDOPC.obj
 0001:00002970       _EncodeAndSend4FSKControl  00403970 f   ARDOPC.obj
 0001:000029c0       _EncodePingAck             004039c0 f   ARDOPC.obj
 0001:00002a50       _SendID                    00403a50 f   ARDOPC.obj
 0001:00002b30       _Send5SecTwoTone           00403b30 f   ARDOPC.obj
 0001:00002ba0       _ASCIIto6Bit               00403ba0 f   ARDOPC.obj
 0001:00002cb0       _Bit6ToASCII               00403cb0 f   ARDOPC.obj
 0001:00002db0       _CompressCallsign          00403db0 f   ARDOPC.obj
 0001:00002ea0       _CompressGridSquare        00403ea0 f   ARDOPC.obj
 0001:00002f30       _DeCompressCallsign        00403f30 f   ARDOPC.obj
 0001:00003030       _DeCompressGridSquare      00404030 f   ARDOPC.obj
 0001:000030a0       _AddTypeParity             004040a0 f   ARDOPC.obj
 0001:000030f0       _FrameCode                 004040f0 f   ARDOPC.obj
 0001:00003140       _GenCRC16                  00404140 f   ARDOPC.obj
 0001:000032a0       _GenCRC8                   004042a0 f   ARDOPC.obj
 0001:00003310       _CheckCRC16FrameType       00404310 f   ARDOPC.obj
 0001:00003350       _ClearDataToSend           00404350 f   ARDOPC.obj
 0001:00003380       _RemoveDataFromQueue       00404380 f   ARDOPC.obj
 0001:00003450       _CheckTimers               00404450 f   ARDOPC.obj
 0001:000037e0       _UpdateBusyDetector        004047e0 f   ARDOPC.obj
 0001:00003e00       _SendCQ                    00404e00 f   ARDOPC.obj
 0001:00003e90       _SendPING                  00404e90 f   ARDOPC.obj
 0001:00003f30       _ProcessPingFrame          00404f30 f   ARDOPC.obj
 0001:00004020       _ProcessCQFrame            00405020 f   ARDOPC.obj
 0001:00004060       _compute_crc               00405060 f   ARDOPC.obj
 0001:000040a0       _processargs               004050a0 f   ARDOPC.obj
 0001:000043d0       _LostHost                  004053d0 f   ARDOPC.obj
 0001:00004420       _GetNAKLoQLevels           00405420 f   ARQ.obj
 0001:000044a0       _GetACKHiQLevels           004054a0 f   ARQ.obj
 0001:00004540       _ComputeInterFrameInterval 00405540 f   ARQ.obj
 0001:00004560       _SetARDOPProtocolState     00405560 f   ARQ.obj
 0001:000046b0       _GetNextARQFrame           004056b0 f   ARQ.obj
 0001:00004aa0       _GenerateSessionID         00405aa0 f   ARQ.obj
 0001:00004b10       _IsCallToMe                00405b10 f   ARQ.obj
 0001:00004bb0       _IsPingToMe                00405bb0 f   ARQ.obj
 0001:00004c50       _GetDataModes              00405c50 f   ARQ.obj
 0001:00004d10       _Gearshift                 00405d10 f   ARQ.obj
 0001:00005020       _GetNumCarriers            00406020 f   ARQ.obj
 0001:00005070       _SendData                  00406070 f   ARQ.obj
 0001:000052c0       _GetNextFrameData          004062c0 f   ARQ.obj
 0001:000055c0       _InitializeConnection      004065c0 f   ARQ.obj
 0001:00005750       _ProcessUnconnectedConReqFrame 00406750 f   ARQ.obj
 0001:00005800       _ProcessRcvdARQFrame       00406800 f   ARQ.obj
 0001:00006bf0       _IRSNegotiateBW            00407bf0 f   ARQ.obj
 0001:00006c70       _SendARQConnectRequest     00407c70 f   ARQ.obj
 0001:00006de0       _Send10MinID               00407de0 f   ARQ.obj
 0001:00006e50       _CheckForDisconnect        00407e50 f   ARQ.obj
 0001:00006ef0       _Break                     00407ef0 f   ARQ.obj
 0001:00006f40       _Abort                     00407f40 f   ARQ.obj
 0001:00006f70       _ClearTuningStats          00407f70 f   ARQ.obj
 0001:00007070       _LogStats                  00408070 f   ARQ.obj
 0001:00007340       _Modified_Berlekamp_Massey 00408340 f   berlekamp.obj
 0001:00007560       _mult_polys                00408560 f   berlekamp.obj
 0001:000076c0       _Find_Roots                004086c0 f   berlekamp.obj
 0001:000077b0       _correct_errors_erasures   004087b0 f   berlekamp.obj
 0001:00007a10       _ClearBusy                 00408a10 f   BusyDetect.obj
 0001:00007a60       _BusyDetect3               00408a60 f   BusyDetect.obj
 0001:00007cc0       _compare                   00408cc0 f   BusyDetect.obj
 0001:00007d00       _SortSignals2              00408d00 f   BusyDetect.obj
 0001:00007e50       _StartFEC                  00408e50 f   FEC.obj
 0001:00007f80       _GetNextFECFrame           00408f80 f   FEC.obj
 0001:00008430       _ProcessRcvdFECDataFrame   00409430 f   FEC.obj
 0001:00008660       _NumberOfBitsNeeded        00409660 f   FFT.obj
 0001:000086a0       _FourierTransform          004096a0 f   FFT.obj
 0001:00008d50       _getopt_missing_arg        00409d50 f   getopt.obj
 0001:00008d70       _getopt_argerror           00409d70 f   getopt.obj
 0001:00008de0       _getopt_match              00409de0 f   getopt.obj
 0001:00008e20       _getopt_resolved           00409e20 f   getopt.obj
 0001:00009460       _AddDataToDataToSend       0040a460 f   HostInterface.obj
 0001:00009520       _DoTrueFalseCmd            0040a520 f   HostInterface.obj
 0001:00009630       _ProcessCommandFromHost    0040a630 f   HostInterface.obj
 0001:0000aea0       _QueueCommandToHost        0040bea0 f   HostInterface.obj
 0001:0000aea0       _SendCommandToHost         0040bea0 f   HostInterface.obj
 0001:0000aec0       _SendReplyToHost           0040bec0 f   HostInterface.obj
 0001:0000aee0       _AddTagToDataAndSendToHost 0040bee0 f   HostInterface.obj
 0001:0000af50       _KISSInit                  0040bf50 f   KISSModule.obj
 0001:0000afb0       _ProcessPacketBytes        0040bfb0 f   KISSModule.obj
 0001:0000b030       _ProcessKISSBytes          0040c030 f   KISSModule.obj
 0001:0000b0a0       _ProcessKISSByte           0040c0a0 f   KISSModule.obj
 0001:0000b0e0       _GetNextKISSFrame          0040c0e0 f   KISSModule.obj
 0001:0000b240       _CheckKISS                 0040c240 f   KISSModule.obj
 0001:0000b2c0       _SendAckModeAck            0040c2c0 f   KISSModule.obj
 0001:0000b350       _SqLawCompressor           0040c350 f   Modulate.obj
 0001:0000b3e0       _GetTwoToneLeaderWithSync  0040c3e0 f   Modulate.obj
 0001:0000b450       _Mod1Car50Bd4PSK           0040c450 f   Modulate.obj
 0001:0000b5f0       _RemodulateLastFrame       0040c5f0 f   Modulate.obj
 0001:0000b660       _initFilter                0040c660 f   Modulate.obj
 0001:0000b910       _SampleSink                0040c910 f   Modulate.obj
 0001:0000bde0       _sendCWID                  0040cde0 f   Modulate.obj
 0001:0000c220       _PktARDOPEncode            0040d220 f   pktARDOP.obj
 0001:0000c2b0       _PktARDOPStartTX           0040d2b0 f   pktARDOP.obj
 0001:0000c390       _ConvToAX25                0040d390 f   pktSession.obj
 0001:0000c3f0       _ConvFromAX25              0040d3f0 f   pktSession.obj
 0001:0000c480       _ConvertCallstoAX25        0040d480 f   pktSession.obj
 0001:0000c4c0       _CompareCalls              0040d4c0 f   pktSession.obj
 0001:0000c560       _NewLink                   0040d560 f   pktSession.obj
 0001:0000c6a0       _FindLink                  0040d6a0 f   pktSession.obj
 0001:0000c6f0       _FindFreeHostChannel       0040d6f0 f   pktSession.obj
 0001:0000c750       _L2Routine                 0040d750 f   pktSession.obj
 0001:0000c940       _L2FORUS                   0040d940 f   pktSession.obj
 0001:0000ca40       _ProcessXIDCommand         0040da40 f   pktSession.obj
 0001:0000cc60       _L2LINKACTIVE              0040dc60 f   pktSession.obj
 0001:0000cd80       _L2SABM                    0040dd80 f   pktSession.obj
 0001:0000cdc0       _SETUPNEWL2SESSION         0040ddc0 f   pktSession.obj
 0001:0000cf50       _L2SENDRESP                0040df50 f   pktSession.obj
 0001:0000cfc0       _L2SWAPADDRESSES           0040dfc0 f   pktSession.obj
 0001:0000d0a0       _L2_PROCESS                0040e0a0 f   pktSession.obj
 0001:0000d250       _SDUFRM                    0040e250 f   pktSession.obj
 0001:0000d350       _SFRAME                    0040e350 f   pktSession.obj
 0001:0000d640       _SDIFRM                    0040e640 f   pktSession.obj
 0001:0000d8e0       _PROC_I_FRAME              0040e8e0 f   pktSession.obj
 0001:0000d960       _RESET2X                   0040e960 f   pktSession.obj
 0001:0000d990       _CLEARL2QUEUES             0040e990 f   pktSession.obj
 0001:0000d9d0       _RESET2                    0040e9d0 f   pktSession.obj
 0001:0000da00       _SENDSABM                  0040ea00 f   pktSession.obj
 0001:0000da60       _PutKISS                   0040ea60 f   pktSession.obj
 0001:0000db00       _PUT_ON_PORT_Q             0040eb00 f   pktSession.obj
 0001:0000dce0       _SETUPADDRESSES            0040ece0 f   pktSession.obj
 0001:0000dd10       _SDETX                     0040ed10 f   pktSession.obj
 0001:0000dee0       _L2TimerProc               0040eee0 f   pktSession.obj
 0001:0000e050       _SendSupervisCmd           0040f050 f   pktSession.obj
 0001:0000e0a0       _ACKMSG                    0040f0a0 f   pktSession.obj
 0001:0000e150       _L2TIMEOUT                 0040f150 f   pktSession.obj
 0001:0000e270       _SDFRMR                    0040f270 f   pktSession.obj
 0001:0000e2a0       _SENDFRMR                  0040f2a0 f   pktSession.obj
 0001:0000e310       _CLEAROUTLINK              0040f310 f   pktSession.obj
 0001:0000e3e0       _L2SENDXID                 0040f3e0 f   pktSession.obj
 0001:0000e4c0       _L2SENDCOMMAND             0040f4c0 f   pktSession.obj
 0001:0000e520       _L2SENDRESPONSE            0040f520 f   pktSession.obj
 0001:0000e5c0       _RR_OR_RNR                 0040f5c0 f   pktSession.obj
 0001:0000e6d0       _ptkSessionBG              0040f6d0 f   pktSession.obj
 0001:0000e730       _PktSend                   0040f730 f   pktSession.obj
 0001:0000e760       _ProcessPktCommand         0040f760 f   pktSession.obj
 0001:0000eb40       _PacketSessionPoll         0040fb40 f   pktSession.obj
 0001:0000eb80       _CheckForPktMon            0040fb80 f   pktSession.obj
 0001:0000ecc0       _CheckForPktData           0040fcc0 f   pktSession.obj
 0001:0000efb0       _ProcessPktData            0040ffb0 f   pktSession.obj
 0001:0000f0e0       _ProcessDEDModeFrame       004100e0 f   pktSession.obj
 0001:0000f710       _DisplaySessionStats       00410710 f   pktSession.obj
 0001:0000f840       _decode_data               00410840 f   rs.obj
 0001:0000fa00       _encode_data               00410a00 f   rs.obj
 0001:0000fb00       _SCSSendCommandToHost      00410b00 f   SCSHostInterface.obj
 0001:0000fe70       _SCSSendReplyToHost        00410e70 f   SCSHostInterface.obj
 0001:0000fec0       _SCSSendCommandToHostQuiet 00410ec0 f   SCSHostInterface.obj
 0001:0000ff80       _SCSAddTagToDataAndSendToHost 00410f80 f   SCSHostInterface.obj
 0001:00010040       _CheckStatusChange         00411040 f   SCSHostInterface.obj
 0001:000100b0       _CheckForControl           004110b0 f   SCSHostInterface.obj
 0001:00010140       _CheckForData              00411140 f   SCSHostInterface.obj
 0001:00010240       _CheckForLog               00411240 f   SCSHostInterface.obj
 0001:000102f0       _EmUnstuff                 004112f0 f   SCSHostInterface.obj
 0001:00010330       _ProcessSCSHostFrame       00411330 f   SCSHostInterface.obj
 0001:00010b40       _ProcessSCSTextCommand     00411b40 f   SCSHostInterface.obj
 0001:000111e0       _ProcessSCSPacket          004121e0 f   SCSHostInterface.obj
 0001:000115a0       _EmCRCStuffAndSend         004125a0 f   SCSHostInterface.obj
 0001:00011680       _ProcessRIGPacket          00412680 f   SCSHostInterface.obj
 0001:000117b0       _PrintCarrierFlags         004127b0 f   SoundInput.obj
 0001:00011890       _SqLawExpander             00412890 f   SoundInput.obj
 0001:00011940       _IsDataFrame               00412940 f   SoundInput.obj
 0001:00011990       _FSMixFilter2500Hz         00412990 f   SoundInput.obj
 0001:00011cf0       _Filter75Hz                00412cf0 f   SoundInput.obj
 0001:00011ef0       _MixNCOFilter              00412ef0 f   SoundInput.obj
 0001:00012000       _CorrectRawDataWithRS      00413000 f   SoundInput.obj
 0001:00012130       _ProcessNewSamples         00413130 f   SoundInput.obj
 0001:00012db0       _GoertzelRealImag          00413db0 f   SoundInput.obj
 0001:00012f90       _GoertzelRealImagHann120   00413f90 f   SoundInput.obj
 0001:00013370       _GoertzelRealImagHamming960 00414370 f   SoundInput.obj
 0001:00013830       _SpectralPeakLocator       00414830 f   SoundInput.obj
 0001:000139e0       _SearchFor2ToneLeader4     004149e0 f   SoundInput.obj
 0001:00013fd0       _Acquire2ToneLeaderSymbolFraming 00414fd0 f   SoundInput.obj
 0001:000140e0       _EnvelopeCorrelator        004150e0 f   SoundInput.obj
 0001:000143c0       _AcquireFrameSyncRSBAvg    004153c0 f   SoundInput.obj
 0001:00014710       _Get4PSKPhaseTargets       00415710 f   SoundInput.obj
 0001:000147c0       _ComputePSKDecodeDistance  004157c0 f   SoundInput.obj
 0001:000148b0       _MinimalDistance4PSKFrameType 004158b0 f   SoundInput.obj
 0001:00014e60       _Acquire4PSKFrameType      00415e60 f   SoundInput.obj
 0001:00014fe0       _Decode4PSKConReq          00415fe0 f   SoundInput.obj
 0001:000150e0       _EstimateSN                004160e0 f   SoundInput.obj
 0001:00015240       _Decode4FSKPing            00416240 f   SoundInput.obj
 0001:00015480       _Decode4FSKPingACK         00416480 f   SoundInput.obj
 0001:00015520       _Decode4PSKID              00416520 f   SoundInput.obj
 0001:00015690       _Decode4FSKCQ_de           00416690 f   SoundInput.obj
 0001:000157e0       _DemodulateFrame           004167e0 f   SoundInput.obj
 0001:00015850       _DecodeFrame               00416850 f   SoundInput.obj
 0001:00015fe0       _UpdatePhaseConstellation  00416fe0 f   SoundInput.obj
 0001:000166b0       _Decode1CarPSK             004176b0 f   SoundInput.obj
 0001:00016910       _Track1CarPSK              00417910 f   SoundInput.obj
 0001:000169c0       _InitDemodPSK              004179c0 f   SoundInput.obj
 0001:00016c40       _CheckCarrierPairPSK       00417c40 f   SoundInput.obj
 0001:00016df0       _DemodViterbiPSK           00417df0 f   SoundInput.obj
 0001:000172c0       _DemodPSK                  004182c0 f   SoundInput.obj
 0001:000178d0       _Demod1CarViterbiPSK       004188d0 f   SoundInput.obj
 0001:00017c20       _MagToIQ_8_8               00418c20 f   SoundInput.obj
 0001:00017cf0       _Demod1CarViterbi16APSK_8_8 00418cf0 f   SoundInput.obj
 0001:00018310       _Demod1CarPSKChar          00419310 f   SoundInput.obj
 0001:000184a0       _WeightedAngleAvg          004194a0 f   SoundInput.obj
 0001:00018550       _Format_Addr               00419550 f   TCPHostInterface.obj
 0001:00018590       _TCPSendCommandToHost      00419590 f   TCPHostInterface.obj
 0001:00018610       _TCPSendCommandToHostQuiet 00419610 f   TCPHostInterface.obj
 0001:00018690       _TCPAddTagToDataAndSendToHost 00419690 f   TCPHostInterface.obj
 0001:00018720       _ProcessReceivedControl    00419720 f   TCPHostInterface.obj
 0001:000188d0       _ProcessReceivedData       004198d0 f   TCPHostInterface.obj
 0001:00018a10       _OpenSocket4               00419a10 f   TCPHostInterface.obj
 0001:00018b40       _OpenUDPSocket             00419b40 f   TCPHostInterface.obj
 0001:00018c40       _TCPHostInit               00419c40 f   TCPHostInterface.obj
 0001:00018cf0       _TCPHostPoll               00419cf0 f   TCPHostInterface.obj
 0001:00019570       _SendtoGUI                 0041a570 f   TCPHostInterface.obj
 0001:00019610       _ViterbiEncode             0041a610 f   Viterbi.obj
 0001:000196b0       _Get4PSKSym                0041a6b0 f   Viterbi.obj
 0001:000196f0       _Get16APSKSym_8_8          0041a6f0 f   Viterbi.obj
 0001:00019870       _Erf                       0041a870 f   Viterbi.obj
 0001:00019c80       _GenerateMetrics           0041ac80 f   Viterbi.obj
 0001:0001a050       _DecodeFromSymbolBits      0041b050 f   Viterbi.obj
 0001:0001a450       _SetCodeRate               0041b450 f   Viterbi.obj
 0001:0001a4b0       _Puncture                  0041b4b0 f   Viterbi.obj
 0001:0001a510       _DoErasureAndDecode        0041b510 f   Viterbi.obj
 0001:0001a5d0       _CtrlHandler               0041b5d0 f   Waveout.obj
 0001:0001a6f0       _main                      0041b6f0 f   Waveout.obj
 0001:0001a9f0       _printtick                 0041b9f0 f   Waveout.obj
 0001:0001aa30       _txSleep                   0041ba30 f   Waveout.obj
 0001:0001aa90       _SendtoCard                0041ba90 f   Waveout.obj
 0001:0001abb0       _GetSoundDevices           0041bbb0 f   Waveout.obj
 0001:0001ae00       _InitSound                 0041be00 f   Waveout.obj
 0001:0001aff0       _PollReceivedSamples       0041bff0 f   Waveout.obj
 0001:0001b250       _WriteDebugLog             0041c250 f   Waveout.obj
 0001:0001b3e0       _Statsprintf               0041c3e0 f   Waveout.obj
 0001:0001b550       _SoundFlush                0041c550 f   Waveout.obj
 0001:0001b6e0       _RadioPTT                  0041c6e0 f   Waveout.obj
 0001:0001b770       _KeyPTT                    0041c770 f   Waveout.obj
 0001:0001b820       _displayState              0041c820 f   Waveout.obj
 0001:0001b880       _DrawTXMode                0041c880 f   Waveout.obj
 0001:0001b880       _DrawTXFrame               0041c880 f   Waveout.obj
 0001:0001b8e0       _DrawRXFrame               0041c8e0 f   Waveout.obj
 0001:0001b940       _SetLED                    0041c940 f   Waveout.obj
 0001:0001b9c0       _displayCall               0041c9c0 f   Waveout.obj
 0001:0001ba20       _OpenCOMPort               0041ca20 f   Waveout.obj
 0001:0001bc30       _ReadCOMBlock              0041cc30 f   Waveout.obj
 0001:0001bca0       _WriteCOMBlock             0041cca0 f   Waveout.obj
 0001:0001bcf0       _CatWrite                  0041ccf0 f   Waveout.obj
 0001:0001bd40       _BPQOpenSerialPort         0041cd40 f   WinSerial.obj
 0001:0001bdf0       _SerialSendData            0041cdf0 f   WinSerial.obj
 0001:0001be60       _BPQSerialGetData          0041ce60 f   WinSerial.obj
 0001:0001bf30       _PutString                 0041cf30 f   WinSerial.obj
 0001:0001bf50       _PutChar                   0041cf50 f   WinSerial.obj
 0001:0001bf70       _SerialHostInit            0041cf70 f   WinSerial.obj
 0001:0001c040       _SerialHostPoll            0041d040 f   WinSerial.obj
 0001:0001c0a6       @__security_check_cookie@4 0041d0a6 f   LIBCMT:secchk.obj
 0001:0001c0c0       _memmove                   0041d0c0 f   LIBCMT:memmove.obj
 0001:0001c440       _strchr                    0041d440 f   LIBCMT:strchr.obj
 0001:0001c446       ___from_strstr_to_strchr   0041d446     LIBCMT:strchr.obj
 0001:0001c4fe       _rand                      0041d4fe f   LIBCMT:rand.obj
 0001:0001c520       _sprintf                   0041d520 f   LIBCMT:sprintf.obj
 0001:0001c59b       __time32                   0041d59b f   LIBCMT:time.obj
 0001:0001c5d4       _abort                     0041d5d4 f   LIBCMT:abort.obj
 0001:0001c6c7       _atol                      0041d6c7 f   LIBCMT:atox.obj
 0001:0001c6d8       _atoi                      0041d6d8 f   LIBCMT:atox.obj
 0001:0001c6dd       ??0_LocaleUpdate@@QAE@PAUlocaleinfo_struct@@@Z 0041d6dd f i LIBCMT:_ctype.obj
 0001:0001c75f       __isalpha_l                0041d75f f i LIBCMT:_ctype.obj
 0001:0001c7b3       _isalpha                   0041d7b3 f i LIBCMT:_ctype.obj
 0001:0001c7de       __isdigit_l                0041d7de f i LIBCMT:_ctype.obj
 0001:0001c82d       _isdigit                   0041d82d f i LIBCMT:_ctype.obj
 0001:0001c856       __isalnum_l                0041d856 f i LIBCMT:_ctype.obj
 0001:0001c8aa       _isalnum                   0041d8aa f i LIBCMT:_ctype.obj
 0001:0001c8d5       _printf                    0041d8d5 f   LIBCMT:printf.obj
 0001:0001c984       __get_printf_count_output  0041d984 f   LIBCMT:printf.obj
 0001:0001c99a       __amsg_exit                0041d99a f   LIBCMT:crt0dat.obj
 0001:0001c9be       ___crtCorExitProcess       0041d9be f   LIBCMT:crt0dat.obj
 0001:0001c9e4       ___crtExitProcess          0041d9e4 f   LIBCMT:crt0dat.obj
 0001:0001c9f9       __lockexit                 0041d9f9 f   LIBCMT:crt0dat.obj
 0001:0001ca02       __unlockexit               0041da02 f   LIBCMT:crt0dat.obj
 0001:0001ca23       __initterm_e               0041da23 f   LIBCMT:crt0dat.obj
 0001:0001ca43       __get_osplatform           0041da43 f   LIBCMT:crt0dat.obj
 0001:0001ca7a       __get_winmajor             0041da7a f   LIBCMT:crt0dat.obj
 0001:0001cab6       __cinit                    0041dab6 f   LIBCMT:crt0dat.obj
 0001:0001cc16       _exit                      0041dc16 f   LIBCMT:crt0dat.obj
 0001:0001cc27       __exit                     0041dc27 f   LIBCMT:crt0dat.obj
 0001:0001cc38       __cexit                    0041dc38 f   LIBCMT:crt0dat.obj
 0001:0001cc47       __c_exit                   0041dc47 f   LIBCMT:crt0dat.obj
 0001:0001cc56       __init_pointers            0041dc56 f   LIBCMT:crt0dat.obj
 0001:0001cca2       ___iob_func                0041dca2 f   LIBCMT:_file.obj
 0001:0001cca8       ___initstdio               0041dca8 f   LIBCMT:_file.obj
 0001:0001cd59       ___endstdio                0041dd59 f   LIBCMT:_file.obj
 0001:0001cd79       __lock_file                0041dd79 f   LIBCMT:_file.obj
 0001:0001cda8       __lock_file2               0041dda8 f   LIBCMT:_file.obj
 0001:0001cdcb       __unlock_file              0041ddcb f   LIBCMT:_file.obj
 0001:0001cdfa       __unlock_file2             0041ddfa f   LIBCMT:_file.obj
 0001:0001ce1d       _fprintf                   0041de1d f   LIBCMT:fprintf.obj
 0001:0001d030       _qsort                     0041e030 f   LIBCMT:qsort.obj
 0001:0001d2d7       _strtok_s                  0041e2d7 f   LIBCMT:strtok_s.obj
 0001:0001d3c3       __freea                    0041e3c3 f i LIBCMT:strupr.obj
 0001:0001d55a       __strupr_s_l               0041e55a f   LIBCMT:strupr.obj
 0001:0001d58d       __strupr                   0041e58d f   LIBCMT:strupr.obj
 0001:0001d5ef       _free                      0041e5ef f   LIBCMT:free.obj
 0001:0001d67d       _V6_HeapAlloc              0041e67d f   LIBCMT:malloc.obj
 0001:0001d6cc       _malloc                    0041e6cc f   LIBCMT:malloc.obj
 0001:0001d78f       _realloc                   0041e78f f   LIBCMT:realloc.obj
 0001:0001d9b0       _memchr                    0041e9b0 f   LIBCMT:memchr.obj
 0001:0001da5d       __memicmp_l                0041ea5d f   LIBCMT:memicmp.obj
 0001:0001db30       __memicmp                  0041eb30 f   LIBCMT:memicmp.obj
 0001:0001db90       _ceil                      0041eb90 f   LIBCMT:ceil_pentium4.obj
 0001:0001dbd0       __ceil_pentium4            0041ebd0 f   LIBCMT:ceil_pentium4.obj
 0001:0001dcb0       _strstr                    0041ecb0 f   LIBCMT:strstr.obj
 0001:0001dd36       __tolower_l                0041ed36 f   LIBCMT:tolower.obj
 0001:0001de4d       _tolower                   0041ee4d f   LIBCMT:tolower.obj
 0001:0001de74       __get_sys_err_msg          0041ee74 f i LIBCMT:perror.obj
 0001:0001de97       _perror                    0041ee97 f   LIBCMT:perror.obj
 0001:0001df25       _fputs                     0041ef25 f   LIBCMT:fputs.obj
 0001:0001e067       __fsopen                   0041f067 f   LIBCMT:fopen.obj
 0001:0001e12b       _fopen                     0041f12b f   LIBCMT:fopen.obj
 0001:0001e13e       __fwrite_nolock            0041f13e f   LIBCMT:fwrite.obj
 0001:0001e258       __fclose_nolock            0041f258 f   LIBCMT:fclose.obj
 0001:0001e2cb       _fclose                    0041f2cb f   LIBCMT:fclose.obj
 0001:0001e562       _mainCRTStartup            0041f562 f   LIBCMT:crt0.obj
 0001:0001e56c       ___report_gsfailure        0041f56c f   LIBCMT:gs_report.obj
 0001:0001e6f7       __VEC_memcpy               0041f6f7 f   LIBCMT:p4_memcpy.obj
 0001:0001e7da       __sse2_mathfcns_init       0041f7da f   LIBCMT:mathfcns.obj
 0001:0001e7ee       __encode_pointer           0041f7ee f   LIBCMT:tidtable.obj
 0001:0001e851       __encoded_null             0041f851 f   LIBCMT:tidtable.obj
 0001:0001e85a       __decode_pointer           0041f85a f   LIBCMT:tidtable.obj
 0001:0001e8bd       ___crtTlsAlloc@4           0041f8bd f   LIBCMT:tidtable.obj
 0001:0001e8c6       ___set_flsgetvalue         0041f8c6 f   LIBCMT:tidtable.obj
 0001:0001e8f0       __mtterm                   0041f8f0 f   LIBCMT:tidtable.obj
 0001:0001e92d       __initptd                  0041f92d f   LIBCMT:tidtable.obj
 0001:0001e9e1       __getptd_noexit            0041f9e1 f   LIBCMT:tidtable.obj
 0001:0001ea64       __getptd                   0041fa64 f   LIBCMT:tidtable.obj
 0001:0001ea7c       __freefls@4                0041fa7c f   LIBCMT:tidtable.obj
 0001:0001eb9d       __mtinit                   0041fb9d f   LIBCMT:tidtable.obj
 0001:0001ed21       __flsbuf                   0041fd21 f   LIBCMT:_flsbuf.obj
 0001:0001ef22       __output_l                 0041ff22 f   LIBCMT:output.obj
 0001:0001f8ba       __initp_misc_invarg        004208ba f   LIBCMT:invarg.obj
 0001:0001f8c4       __invoke_watson            004208c4 f   LIBCMT:invarg.obj
 0001:0001f9c0       __invalid_parameter        004209c0 f   LIBCMT:invarg.obj
 0001:0001f9e4       __get_errno_from_oserr     004209e4 f   LIBCMT:dosmap.obj
 0001:0001fa1f       __errno                    00420a1f f   LIBCMT:dosmap.obj
 0001:0001fa32       ___doserrno                00420a32 f   LIBCMT:dosmap.obj
 0001:0001fa45       __dosmaperr                00420a45 f   LIBCMT:dosmap.obj
 0001:0001fa70       __aulldiv                  00420a70 f   LIBCMT:ulldiv.obj
 0001:0001fae0       _memset                    00420ae0 f   LIBCMT:memset.obj
 0001:0001fb5a       __malloc_crt               00420b5a f   LIBCMT:crtheap.obj
 0001:0001fb9a       __calloc_crt               00420b9a f   LIBCMT:crtheap.obj
 0001:0001fbe2       __realloc_crt              00420be2 f   LIBCMT:crtheap.obj
 0001:0001fc2d       __initp_misc_winsig        00420c2d f   LIBCMT:winsig.obj
 0001:0001fc7a       ___get_sigabrt             00420c7a f   LIBCMT:winsig.obj
 0001:0001fc87       _raise                     00420c87 f   LIBCMT:winsig.obj
 0001:0001fe37       __NMSG_WRITE               00420e37 f   LIBCMT:crt0msg.obj
 0001:0001ffd7       __FF_MSGBANNER             00420fd7 f   LIBCMT:crt0msg.obj
 0001:0002023b       _strtol                    0042123b f   LIBCMT:strtol.obj
 0001:00020472       ___updatetmbcinfo          00421472 f   LIBCMT:mbctype.obj
 0001:00020590       __setmbcp_nolock           00421590 f   LIBCMT:mbctype.obj
 0001:0002073b       __setmbcp                  0042173b f   LIBCMT:mbctype.obj
 0001:000208d5       ___initmbctable            004218d5 f   LIBCMT:mbctype.obj
 0001:000208f3       ___freetlocinfo            004218f3 f   LIBCMT:setlocal.obj
 0001:00020a33       ___addlocaleref            00421a33 f   LIBCMT:setlocal.obj
 0001:00020ab9       ___removelocaleref         00421ab9 f   LIBCMT:setlocal.obj
 0001:00020b83       ___updatetlocinfo          00421b83 f   LIBCMT:setlocal.obj
 0001:00020bf9       __isctype_l                00421bf9 f   LIBCMT:isctype.obj
 0001:00020caf       __stbuf                    00421caf f   LIBCMT:_sftbuf.obj
 0001:00020d45       __ftbuf                    00421d45 f   LIBCMT:_sftbuf.obj
 0001:00020d74       __SEH_prolog4              00421d74 f   LIBCMT:sehprolg4.obj
 0001:00020db9       __SEH_epilog4              00421db9 f   LIBCMT:sehprolg4.obj
 0001:00020dd0       __except_handler4          00421dd0 f   LIBCMT:chandler4.obj
 0001:00020f66       __mtinitlocks              00421f66 f   LIBCMT:mlock.obj
 0001:00020faf       __mtdeletelocks            00421faf f   LIBCMT:mlock.obj
 0001:00021004       __unlock                   00422004 f   LIBCMT:mlock.obj
 0001:00021019       __mtinitlocknum            00422019 f   LIBCMT:mlock.obj
 0001:000210dc       __lock                     004220dc f   LIBCMT:mlock.obj
 0001:000211ba       ___onexitinit              004221ba f   LIBCMT:onexit.obj
 0001:000211e9       __onexit                   004221e9 f   LIBCMT:onexit.obj
 0001:00021225       _atexit                    00422225 f   LIBCMT:onexit.obj
 0001:00021237       __RTC_Initialize           00422237 f   LIBCMT:initsect.obj
 0001:0002125b       __RTC_Terminate            0042225b f   LIBCMT:initsect.obj
 0001:0002127f       __initp_misc_cfltcvt_tab   0042227f f   LIBCMT:cmiscdat.obj
 0001:000212a0       __ValidateImageBase        004222a0 f   LIBCMT:pesect.obj
 0001:000212d0       __FindPESection            004222d0 f   LIBCMT:pesect.obj
 0001:00021312       __IsNonwritableInCurrentImage 00422312 f   LIBCMT:pesect.obj
 0001:0002137e       ?terminate@@YAXXZ          0042237e f   LIBCMT:hooks.obj
 0001:000213b7       __initp_eh_hooks           004223b7 f   LIBCMT:hooks.obj
 0001:000213c8       __XcptFilter               004223c8 f   LIBCMT:winxfltr.obj
 0001:00021537       __initp_misc_rand_s        00422537 f   LIBCMT:rand_s.obj
 0001:00021541       __initp_misc_purevirt      00422541 f   LIBCMT:inithelp.obj
 0001:0002154b       __initp_misc_initcrit      0042254b f   LIBCMT:initcrit.obj
 0001:00021565       ___crtInitCritSecAndSpinCount 00422565 f   LIBCMT:initcrit.obj
 0001:0002162a       __initp_heap_handler       0042262a f   LIBCMT:handler.obj
 0001:00021634       __callnewh                 00422634 f   LIBCMT:handler.obj
 0001:00021656       __ioinit                   00422656 f   LIBCMT:ioinit.obj
 0001:00021896       __fcloseall                00422896 f   LIBCMT:closeall.obj
 0001:00021935       __flush                    00422935 f   LIBCMT:fflush.obj
 0001:00021997       __fflush_nolock            00422997 f   LIBCMT:fflush.obj
 0001:00021ab3       __flushall                 00422ab3 f   LIBCMT:fflush.obj
 0001:00021abc       __fileno                   00422abc f   LIBCMT:fileno.obj
 0001:00021ae9       _strcpy_s                  00422ae9 f   LIBCMT:strcpy_s.obj
 0001:00021ef0       ___crtLCMapStringA         00422ef0 f   LIBCMT:a_map.obj
 0001:00021f33       _strnlen                   00422f33 f   LIBCMT:strlen_s.obj
 0001:00021f50       __alloca_probe_16          00422f50 f   LIBCMT:alloca16.obj
 0001:00021f66       __alloca_probe_8           00422f66     LIBCMT:alloca16.obj
 0001:00021f7c       ___heap_select             00422f7c f   LIBCMT:heapinit.obj
 0001:00021fd7       __heap_init                00422fd7 f   LIBCMT:heapinit.obj
 0001:00022031       ___sbh_heap_init           00423031 f   LIBCMT:sbheap.obj
 0001:00022079       ___sbh_find_block          00423079 f   LIBCMT:sbheap.obj
 0001:000220a4       ___sbh_free_block          004230a4 f   LIBCMT:sbheap.obj
 0001:000223b8       ___sbh_alloc_new_region    004233b8 f   LIBCMT:sbheap.obj
 0001:00022468       ___sbh_alloc_new_group     00423468 f   LIBCMT:sbheap.obj
 0001:0002256e       ___sbh_resize_block        0042356e f   LIBCMT:sbheap.obj
 0001:0002284d       ___sbh_alloc_block         0042384d f   LIBCMT:sbheap.obj
 0001:00022b30       _memcpy                    00423b30 f   LIBCMT:memcpy.obj
 0001:00022ea0       ___ascii_memicmp           00423ea0 f   LIBCMT:_memicmp.obj
 0001:00022ef9       ___libm_error_support      00423ef9 f   LIBCMT:libm_error.obj
 0001:000231a9       __ceil_default             004241a9 f   LIBCMT:ceil.obj
 0001:0002327a       __isleadbyte_l             0042427a f i LIBCMT:_wctype.obj
 0001:000232b0       _isleadbyte                004242b0 f i LIBCMT:_wctype.obj
 0001:000232be       ___sys_nerr                004242be f   LIBCMT:syserr.obj
 0001:000232c4       ___sys_errlist             004242c4 f   LIBCMT:syserr.obj
 0001:000232ca       __set_osfhnd               004242ca f   LIBCMT:osfinfo.obj
 0001:00023347       __free_osfhnd              00424347 f   LIBCMT:osfinfo.obj
 0001:000233c8       __get_osfhandle            004243c8 f   LIBCMT:osfinfo.obj
 0001:00023439       ___lock_fhandle            00424439 f   LIBCMT:osfinfo.obj
 0001:000234d9       __unlock_fhandle           004244d9 f   LIBCMT:osfinfo.obj
 0001:000234fb       __alloc_osfhnd             004244fb f   LIBCMT:osfinfo.obj
 0001:0002369a       __write_nolock             0042469a f   LIBCMT:write.obj
 0001:00023c60       __write                    00424c60 f   LIBCMT:write.obj
 0001:00023d40       _strlen                    00424d40 f   LIBCMT:strlen.obj
 0001:00023dcb       __vsnprintf_l              00424dcb f   LIBCMT:vsnprint.obj
 0001:00023e7c       __vsnprintf                00424e7c f   LIBCMT:vsnprint.obj
 0001:00023e7c       _vsnprintf                 00424e7c f   LIBCMT:vsnprint.obj
 0001:00023e97       __openfile                 00424e97 f   LIBCMT:_open.obj
 0001:00024139       __getstream                00425139 f   LIBCMT:stream.obj
 0001:00024260       __local_unwind4            00425260 f   LIBCMT:exsup4.obj
 0001:00024336       __seh_longjmp_unwind4@4    00425336 f   LIBCMT:exsup4.obj
 0001:00024352       @_EH4_CallFilterFunc@8     00425352 f   LIBCMT:exsup4.obj
 0001:00024369       @_EH4_TransferToHandler@8  00425369 f   LIBCMT:exsup4.obj
 0001:00024382       @_EH4_GlobalUnwind@4       00425382 f   LIBCMT:exsup4.obj
 0001:0002439c       @_EH4_LocalUnwind@16       0042539c f   LIBCMT:exsup4.obj
 0001:000243b3       __close_nolock             004253b3 f   LIBCMT:close.obj
 0001:00024447       __close                    00425447 f   LIBCMT:close.obj
 0001:00024514       __freebuf                  00425514 f   LIBCMT:_freebuf.obj
 0001:00024540       __setenvp                  00425540 f   LIBCMT:stdenvp.obj
 0001:000247b3       __setargv                  004257b3 f   LIBCMT:stdargv.obj
 0001:0002486c       ___crtGetEnvironmentStringsA 0042586c f   LIBCMT:a_env.obj
 0001:000249a1       ___security_init_cookie    004259a1 f   LIBCMT:gs_support.obj
 0001:00024a35       __crt_debugger_hook        00425a35 f   LIBCMT:dbghook.obj
 0001:00024a8d       __get_sse2_info            00425a8d f   LIBCMT:cpu_disp.obj
 0001:00024aed       ___sse2_available_init     00425aed f   LIBCMT:cpu_disp.obj
 0001:00024afa       __lseeki64_nolock          00425afa f   LIBCMT:lseeki64.obj
 0001:00024b7d       __lseeki64                 00425b7d f   LIBCMT:lseeki64.obj
 0001:00024c96       __getbuf                   00425c96 f   LIBCMT:_getbuf.obj
 0001:00024cda       __isatty                   00425cda f   LIBCMT:isatty.obj
 0001:00024d38       __wctomb_s_l               00425d38 f   LIBCMT:wctomb.obj
 0001:00024e97       _wctomb_s                  00425e97 f   LIBCMT:wctomb.obj
 0001:00024ec0       __aulldvrm                 00425ec0 f   LIBCMT:ulldvrm.obj
 0001:00024fac       __VEC_memzero              00425fac f   LIBCMT:p4_memset.obj
 0001:0002503b       __calloc_impl              0042603b f   LIBCMT:calloc.obj
 0001:00025159       ___crtMessageBoxA          00426159 f   LIBCMT:crtmbox.obj
 0001:000252f7       _strcat_s                  004262f7 f   LIBCMT:strcat_s.obj
 0001:00025368       _strncpy_s                 00426368 f   LIBCMT:strncpy_s.obj
 0001:0002541b       __set_error_mode           0042641b f   LIBCMT:errmode.obj
 0001:00025470       __allmul                   00426470 f   LIBCMT:llmul.obj
 0001:0002565c       ___crtGetStringTypeA       0042665c f   LIBCMT:a_str.obj
 0001:0002569c       ___free_lc_time            0042669c f   LIBCMT:inittime.obj
 0001:0002582c       ___free_lconv_num          0042682c f   LIBCMT:initnum.obj
 0001:0002586c       ___free_lconv_mon          0042686c f   LIBCMT:initmon.obj
 0001:00025900       _strcspn                   00426900 f   LIBCMT:strcspn.obj
 0001:00025950       _strcmp                    00426950 f   LIBCMT:strcmp.obj
 0001:000259d8       _strncmp                   004269d8 f   LIBCMT:strncmp.obj
 0001:00025aa0       _strpbrk                   00426aa0 f   LIBCMT:strpbrk.obj
 0001:00025ae0       __msize                    00426ae0 f   LIBCMT:msize.obj
 0001:00025b83       __fptrap                   00426b83 f   LIBCMT:crt0fp.obj
 0001:00025b8c       __commit                   00426b8c f   LIBCMT:commit.obj
 0001:00025c6d       ___ansicp                  00426c6d f   LIBCMT:convrtcp.obj
 0001:00025cb4       ___convertcp               00426cb4 f   LIBCMT:convrtcp.obj
 0001:00025e70       __chkstk                   00426e70 f   LIBCMT:chkstk.obj
 0001:00025e70       __alloca_probe             00426e70     LIBCMT:chkstk.obj
 0001:00025e9b       __matherr                  00426e9b f   LIBCMT:matherr.obj
 0001:00025e9e       __fpclear                  00426e9e f   LIBCMT:fpinit.obj
 0001:00025e9e       __initp_misc_winxfltr      00426e9e f   LIBCMT:winxfltr.obj
 0001:00025e9f       __cfltcvt_init             00426e9f f   LIBCMT:fpinit.obj
 0001:00025eff       __fpmath                   00426eff f   LIBCMT:fpinit.obj
 0001:00025f1d       __raise_exc_ex             00426f1d f   LIBCMT:fpexcept.obj
 0001:000261f7       __raise_exc                004271f7 f   LIBCMT:fpexcept.obj
 0001:00026218       __handle_exc               00427218 f   LIBCMT:fpexcept.obj
 0001:000263f9       __set_errno_from_matherr   004273f9 f   LIBCMT:fpexcept.obj
 0001:00026421       __errcode                  00427421 f   LIBCMT:fpexcept.obj
 0001:0002644e       __umatherr                 0042744e f   LIBCMT:fpexcept.obj
 0001:000264ec       __handle_qnan1             004274ec f   LIBCMT:fpexcept.obj
 0001:0002653f       __except1                  0042753f f   LIBCMT:fpexcept.obj
 0001:000265f9       __frnd                     004275f9 f   LIBCMT:frnd.obj
 0001:0002660a       __set_exp                  0042760a f   LIBCMT:util.obj
 0001:00026634       __sptype                   00427634 f   LIBCMT:util.obj
 0001:0002668f       __decomp                   0042768f f   LIBCMT:util.obj
 0001:0002673e       __statfp                   0042773e f   LIBCMT:fpctrl.obj
 0001:00026749       __clrfp                    00427749 f   LIBCMT:fpctrl.obj
 0001:00026755       __ctrlfp                   00427755 f   LIBCMT:fpctrl.obj
 0001:0002677c       __set_statfp               0042777c f   LIBCMT:fpctrl.obj
 0001:000267d2       ___set_fpsr_sse2           004277d2 f   LIBCMT:fpctrl.obj
 0001:00026844       __putwch_nolock            00427844 f   LIBCMT:putwch.obj
 0001:00026906       __mbtowc_l                 00427906 f   LIBCMT:mbtowc.obj
 0001:00026a19       _mbtowc                    00427a19 f   LIBCMT:mbtowc.obj
 0001:0002706e       __sopen_helper             0042806e f   LIBCMT:open.obj
 0001:0002713a       __sopen_s                  0042813a f   LIBCMT:open.obj
 0001:00027158       __mbsicmp_l                00428158 f   LIBCMT:mbsicmp.obj
 0001:00027372       __mbsicmp                  00428372 f   LIBCMT:mbsicmp.obj
 0001:00027385       __mbsnbcmp_l               00428385 f   LIBCMT:mbsnbcmp.obj
 0001:000274ee       __mbsnbcmp                 004284ee f   LIBCMT:mbsnbcmp.obj
 0001:00027508       __global_unwind2           00428508 f   LIBCMT:exsup.obj
 0001:0002756d       __local_unwind2            0042856d f   LIBCMT:exsup.obj
 0001:000275f1       __abnormal_termination     004285f1 f   LIBCMT:exsup.obj
 0001:00027614       __NLG_Notify1              00428614 f   LIBCMT:exsup.obj
 0001:0002761d       __NLG_Notify               0042861d f   LIBCMT:exsup.obj
 0001:00027634       __NLG_Dispatch             00428634     LIBCMT:exsup.obj
 0001:00027634       __NLG_Dispatch2            00428634     LIBCMT:exsup.obj
 0001:0002763c       __NLG_Call                 0042863c f   LIBCMT:exsup.obj
 0001:0002763e       __NLG_Return2              0042863e     LIBCMT:exsup.obj
 0001:00027690       __ismbblead                00428690 f   LIBCMT:ismbbyte.obj
 0001:000276a3       ___ascii_stricmp           004286a3 f   LIBCMT:stricmp.obj
 0001:000276d8       __stricmp_l                004286d8 f   LIBCMT:stricmp.obj
 0001:000277ab       __forcdecpt_l              004287ab f   LIBCMT:cvt.obj
 0001:0002781c       __cropzeros_l              0042881c f   LIBCMT:cvt.obj
 0001:0002789c       __positive                 0042889c f   LIBCMT:cvt.obj
 0001:000278b2       __fassign_l                004288b2 f   LIBCMT:cvt.obj
 0001:000278f2       __fassign                  004288f2 f   LIBCMT:cvt.obj
 0001:00027926       __forcdecpt                00428926 f   LIBCMT:cvt.obj
 0001:00027934       __cropzeros                00428934 f   LIBCMT:cvt.obj
 0001:00027aaf       __cftoe_l                  00428aaf f   LIBCMT:cvt.obj
 0001:00027b7d       __cftoe                    00428b7d f   LIBCMT:cvt.obj
 0001:00027b9b       __cftoa_l                  00428b9b f   LIBCMT:cvt.obj
 0001:00028001       __cftof_l                  00429001 f   LIBCMT:cvt.obj
 0001:000280ba       __cftog_l                  004290ba f   LIBCMT:cvt.obj
 0001:000281b2       __cfltcvt_l                004291b2 f   LIBCMT:cvt.obj
 0001:00028238       __cfltcvt                  00429238 f   LIBCMT:cvt.obj
 0001:00028259       __setdefaultprecision      00429259 f   LIBCMT:fp8.obj
 0001:00028282       __ms_p5_test_fdiv          00429282 f   LIBCMT:testfdiv.obj
 0001:000282be       __ms_p5_mp_test_fdiv       004292be f   LIBCMT:testfdiv.obj
 0001:000282e7       ___initconout              004292e7 f   LIBCMT:initcon.obj
 0001:00028306       ___termcon                 00429306 f   LIBCMT:initcon.obj
 0001:00028333       __chsize_nolock            00429333 f   LIBCMT:chsize.obj
 0001:000284e7       __read_nolock              004294e7 f   LIBCMT:read.obj
 0001:00028a89       __lseek_nolock             00429a89 f   LIBCMT:lseek.obj
 0001:00028afb       __setmode_nolock           00429afb f   LIBCMT:setmode.obj
 0001:00028bb7       __get_fmode                00429bb7 f   LIBCMT:setmode.obj
 0001:00028bf0       ___ascii_strnicmp          00429bf0 f   LIBCMT:_strnicm.obj
 0001:00028c60       _strrchr                   00429c60 f   LIBCMT:strrchr.obj
 0001:00028c8d       __atodbl_l                 00429c8d f   LIBCMT:atodbl.obj
 0001:00028d33       __atoflt_l                 00429d33 f   LIBCMT:atodbl.obj
 0001:00028dd9       __fptostr                  00429dd9 f   LIBCMT:_fptostr.obj
 0001:00028e96       ___dtold                   00429e96 f   LIBCMT:cfout.obj
 0001:00028f51       __fltout2                  00429f51 f   LIBCMT:cfout.obj
 0001:00028fe0       __alldvrm                  00429fe0 f   LIBCMT:lldvrm.obj
 0001:000290c0       __aullshr                  0042a0c0 f   LIBCMT:ullshr.obj
 0001:000290df       __controlfp_s              0042a0df f   LIBCMT:contrlfp.obj
 0001:00029149       __ld12tod                  0042a149 f   LIBCMT:intrncvt.obj
 0001:0002968b       __ld12tof                  0042a68b f   LIBCMT:intrncvt.obj
 0001:00029bcd       ___strgtold12_l            0042abcd f   LIBCMT:strgtold.obj
 0001:0002a291       _$I10_OUTPUT               0042b291 f   LIBCMT:x10fout.obj
 0001:0002ac87       __control87                0042bc87 f i LIBCMT:ieee87.obj
 0001:0002af8a       ___mtold12                 0042bf8a f   LIBCMT:mantold.obj
 0001:0002b156       _closesocket@4             0042c156 f   WS2_32:WS2_32.dll
 0001:0002b15c       _send@16                   0042c15c f   WS2_32:WS2_32.dll
 0001:0002b162       _accept@12                 0042c162 f   WS2_32:WS2_32.dll
 0001:0002b168       _listen@8                  0042c168 f   WS2_32:WS2_32.dll
 0001:0002b16e       ___WSAFDIsSet@8            0042c16e f   WS2_32:WS2_32.dll
 0001:0002b174       _socket@12                 0042c174 f   WS2_32:WS2_32.dll
 0001:0002b17a       _bind@12                   0042c17a f   WS2_32:WS2_32.dll
 0001:0002b180       _recv@16                   0042c180 f   WS2_32:WS2_32.dll
 0001:0002b186       _sendto@24                 0042c186 f   WS2_32:WS2_32.dll
 0001:0002b18c       _setsockopt@20             0042c18c f   WS2_32:WS2_32.dll
 0001:0002b192       _htons@4                   0042c192 f   WS2_32:WS2_32.dll
 0001:0002b198       _WSAGetLastError@0         0042c198 f   WS2_32:WS2_32.dll
 0001:0002b19e       _select@20                 0042c19e f   WS2_32:WS2_32.dll
 0001:0002b1a4       _recvfrom@24               0042c1a4 f   WS2_32:WS2_32.dll
 0001:0002b1aa       _WSAStartup@8              0042c1aa f   WS2_32:WS2_32.dll
 0001:0002b1b0       _ioctlsocket@12            0042c1b0 f   WS2_32:WS2_32.dll
 0001:0002b1b6       _RtlUnwind@16              0042c1b6 f   kernel32:KERNEL32.dll
 0001:0002b1c0       _log                       0042c1c0 f   LIBCMT:log.obj
 0001:0002b200       __CIlog                    0042c200 f   LIBCMT:log.obj
 0001:0002b23b       __CIlog_default            0042c23b f   LIBCMT:log.obj
 0001:0002b24f       __log_default              0042c24f     LIBCMT:log.obj
 0001:0002b310       __CIsqrt                   0042c310 f   LIBCMT:sqrt.obj
 0001:0002b324       _sqrt                      0042c324     LIBCMT:sqrt.obj
 0001:0002b3d0       __ftol2_sse                0042c3d0 f   LIBCMT:ftol2.obj
 0001:0002b3d9       __ftol2_pentium4           0042c3d9 f   LIBCMT:ftol2.obj
 0001:0002b3ec       __ftol2_sse_excpt          0042c3ec f   LIBCMT:ftol2.obj
 0001:0002b406       __ftol2                    0042c406 f   LIBCMT:ftol2.obj
 0001:0002b480       _atan2                     0042c480 f   LIBCMT:87ctriga.obj
 0001:0002b48a       __CIatan2                  0042c48a f   LIBCMT:87ctriga.obj
 0001:0002b4a0       _cos                       0042c4a0 f   LIBCMT:cos.obj
 0001:0002b4e0       __CIcos                    0042c4e0 f   LIBCMT:cos.obj
 0001:0002b51b       __CIcos_default            0042c51b f   LIBCMT:cos.obj
 0001:0002b52f       __cos_default              0042c52f     LIBCMT:cos.obj
 0001:0002b5d0       _sin                       0042c5d0 f   LIBCMT:sin.obj
 0001:0002b610       __CIsin                    0042c610 f   LIBCMT:sin.obj
 0001:0002b64b       __CIsin_default            0042c64b f   LIBCMT:sin.obj
 0001:0002b65f       __sin_default              0042c65f     LIBCMT:sin.obj
 0001:0002b700       _log10                     0042c700 f   LIBCMT:log10.obj
 0001:0002b740       __CIlog10                  0042c740 f   LIBCMT:log10.obj
 0001:0002b77b       __CIlog10_default          0042c77b f   LIBCMT:log10.obj
 0001:0002b78f       __log10_default            0042c78f     LIBCMT:log10.obj
 0001:0002b850       _pow                       0042c850 f   LIBCMT:pow.obj
 0001:0002b890       __CIpow                    0042c890 f   LIBCMT:pow.obj
 0001:0002b8cb       __CIpow_default            0042c8cb f   LIBCMT:pow.obj
 0001:0002b8e4       __pow_default              0042c8e4     LIBCMT:pow.obj
 0001:0002bae0       _floor                     0042cae0 f   LIBCMT:floor_pentium4.obj
 0001:0002bb20       __floor_pentium4           0042cb20 f   LIBCMT:floor_pentium4.obj
 0001:0002bc10       __alldiv                   0042cc10 f   LIBCMT:lldiv.obj
 0001:0002bcc0       __CIlog_pentium4           0042ccc0 f   LIBCMT:log_pentium4.obj
 0001:0002bcd8       __log_pentium4             0042ccd8     LIBCMT:log_pentium4.obj
 0001:0002bf41       __fFEXP                    0042cf41     LIBCMT:87tran.obj
 0001:0002bfa8       __rtinfpopse               0042cfa8     LIBCMT:87tran.obj
 0001:0002bfaa       __rtinfnpopse              0042cfaa     LIBCMT:87tran.obj
 0001:0002bfba       __fFLN                     0042cfba     LIBCMT:87tran.obj
 0001:0002c06f       __rtinfpop                 0042d06f     LIBCMT:87tran.obj
 0001:0002c071       __rtinfnpop                0042d071     LIBCMT:87tran.obj
 0001:0002c08e       __ffexpm1                  0042d08e     LIBCMT:87tran.obj
 0001:0002c140       __trandisp1                0042d140 f   LIBCMT:87disp.obj
 0001:0002c1a7       __trandisp2                0042d1a7 f   LIBCMT:87disp.obj
 0001:0002c233       __rttospopde               0042d233     LIBCMT:87disp.obj
 0001:0002c238       __rttospop                 0042d238     LIBCMT:87disp.obj
 0001:0002c23a       __rtnospop                 0042d23a     LIBCMT:87disp.obj
 0001:0002c23c       __rttosnpop                0042d23c     LIBCMT:87disp.obj
 0001:0002c23d       __rtnospopde               0042d23d     LIBCMT:87disp.obj
 0001:0002c244       __rtzeropop                0042d244     LIBCMT:87disp.obj
 0001:0002c246       __rtzeronpop               0042d246     LIBCMT:87disp.obj
 0001:0002c24b       __rtonepop                 0042d24b     LIBCMT:87disp.obj
 0001:0002c24d       __rtonenpop                0042d24d     LIBCMT:87disp.obj
 0001:0002c252       __tosnan1                  0042d252     LIBCMT:87disp.obj
 0001:0002c27d       __nosnan2                  0042d27d     LIBCMT:87disp.obj
 0001:0002c27f       __tosnan2                  0042d27f     LIBCMT:87disp.obj
 0001:0002c2a7       __nan2                     0042d2a7     LIBCMT:87disp.obj
 0001:0002c2e6       __rtindfpop                0042d2e6     LIBCMT:87disp.obj
 0001:0002c2e8       __rtindfnpop               0042d2e8     LIBCMT:87disp.obj
 0001:0002c2f9       __rttosnpopde              0042d2f9     LIBCMT:87disp.obj
 0001:0002c303       __rtchsifneg               0042d303     LIBCMT:87disp.obj
 0001:0002c310       __twoToTOS                 0042d310 f   LIBCMT:common.obj
 0001:0002c325       __load_CW                  0042d325 f   LIBCMT:common.obj
 0001:0002c33c       __convertTOStoQNaN         0042d33c f   LIBCMT:common.obj
 0001:0002c355       __fload_withFB             0042d355 f   LIBCMT:common.obj
 0001:0002c398       __checkTOS_withFB          0042d398 f   LIBCMT:common.obj
 0001:0002c3ae       __fast_exit                0042d3ae f   LIBCMT:common.obj
 0001:0002c3bb       __math_exit                0042d3bb f   LIBCMT:common.obj
 0001:0002c3e5       __check_overflow_exit      0042d3e5 f   LIBCMT:common.obj
 0001:0002c3f9       __check_range_exit         0042d3f9 f   LIBCMT:common.obj
 0001:0002c4a0       __startTwoArgErrorHandling 0042d4a0 f   LIBCMT:genexcep.obj
 0001:0002c4b7       __startOneArgErrorHandling 0042d4b7 f   LIBCMT:genexcep.obj
 0001:0002c51c       __fFATN2                   0042d51c     LIBCMT:87triga.obj
 0001:0002c56c       __rtpiby2                  0042d56c     LIBCMT:87triga.obj
 0001:0002c5b0       __cintrindisp2             0042d5b0 f   LIBCMT:87cdisp.obj
 0001:0002c5ee       __cintrindisp1             0042d5ee f   LIBCMT:87cdisp.obj
 0001:0002c62b       __ctrandisp2               0042d62b f   LIBCMT:87cdisp.obj
 0001:0002c7c1       __ctrandisp1               0042d7c1 f   LIBCMT:87cdisp.obj
 0001:0002c7f4       __fload                    0042d7f4 f   LIBCMT:87cdisp.obj
 0001:0002c830       __CIcos_pentium4           0042d830 f   LIBCMT:cos_pentium4.obj
 0001:0002c848       __cos_pentium4             0042d848     LIBCMT:cos_pentium4.obj
 0001:0002c9e0       __CIsin_pentium4           0042d9e0 f   LIBCMT:sin_pentium4.obj
 0001:0002c9f8       __sin_pentium4             0042d9f8     LIBCMT:sin_pentium4.obj
 0001:0002cbb0       __CIlog10_pentium4         0042dbb0 f   LIBCMT:log10_pentium4.obj
 0001:0002cbc8       __log10_pentium4           0042dbc8     LIBCMT:log10_pentium4.obj
 0001:0002ce40       __CIpow_pentium4           0042de40 f   LIBCMT:pow_pentium4.obj
 0001:0002ce59       __pow_pentium4             0042de59     LIBCMT:pow_pentium4.obj
 0001:0002d9a0       __d_inttype                0042e9a0 f   LIBCMT:powhlp.obj
 0001:0002da04       __powhlp                   0042ea04 f   LIBCMT:powhlp.obj
 0001:0002db42       __floor_default            0042eb42 f   LIBCMT:floor.obj
 0001:0002dc20       _fdiv_main_routine         0042ec20 f   LIBCMT:adj_fdiv.obj
 0001:0002dd37       __adj_fdiv_r               0042ed37 f   LIBCMT:adj_fdiv.obj
 0001:0002e1d6       __fdivp_sti_st             0042f1d6 f   LIBCMT:adj_fdiv.obj
 0001:0002e1e9       __fdivrp_sti_st            0042f1e9 f   LIBCMT:adj_fdiv.obj
 0001:0002e1fc       __adj_fdiv_m32             0042f1fc f   LIBCMT:adj_fdiv.obj
 0001:0002e248       __adj_fdiv_m64             0042f248 f   LIBCMT:adj_fdiv.obj
 0001:0002e294       __adj_fdiv_m16i            0042f294 f   LIBCMT:adj_fdiv.obj
 0001:0002e2c8       __adj_fdiv_m32i            0042f2c8 f   LIBCMT:adj_fdiv.obj
 0001:0002e2fc       __adj_fdivr_m32            0042f2fc f   LIBCMT:adj_fdiv.obj
 0001:0002e348       __adj_fdivr_m64            0042f348 f   LIBCMT:adj_fdiv.obj
 0001:0002e394       __adj_fdivr_m16i           0042f394 f   LIBCMT:adj_fdiv.obj
 0001:0002e3c8       __adj_fdivr_m32i           0042f3c8 f   LIBCMT:adj_fdiv.obj
 0001:0002e3fc       __safe_fdiv                0042f3fc f   LIBCMT:adj_fdiv.obj
 0001:0002e411       __safe_fdivr               0042f411 f   LIBCMT:adj_fdiv.obj
 0001:0002e426       __fprem_common             0042f426 f   LIBCMT:adj_fdiv.obj
 0001:0002e62c       __adj_fprem                0042f62c f   LIBCMT:adj_fdiv.obj
 0001:0002e6de       __fprem1_common            0042f6de f   LIBCMT:adj_fdiv.obj
 0001:0002e8e4       __adj_fprem1               0042f8e4 f   LIBCMT:adj_fdiv.obj
 0001:0002e999       __safe_fprem               0042f999 f   LIBCMT:adj_fdiv.obj
 0001:0002e99f       __safe_fprem1              0042f99f f   LIBCMT:adj_fdiv.obj
 0001:0002e9a5       __adj_fpatan               0042f9a5 f   LIBCMT:adj_fdiv.obj
 0001:0002e9a8       __adj_fptan                0042f9a8 f   LIBCMT:adj_fdiv.obj
 0001:0002e9ab       __87except                 0042f9ab f   LIBCMT:87except.obj
 0001:0002eaa7       __fpclass                  0042faa7 f   LIBCMT:ieeemisc.obj
 0002:00000000       __imp__Sleep@4             00430000     kernel32:KERNEL32.dll
 0002:00000004       __imp__SetupComm@12        00430004     kernel32:KERNEL32.dll
 0002:00000008       __imp__CreateFileA@28      00430008     kernel32:KERNEL32.dll
 0002:0000000c       __imp__SetPriorityClass@8  0043000c     kernel32:KERNEL32.dll
 0002:00000010       __imp__ClearCommError@12   00430010     kernel32:KERNEL32.dll
 0002:00000014       __imp__GetCommState@8      00430014     kernel32:KERNEL32.dll
 0002:00000018       __imp__GetCurrentProcess@0 00430018     kernel32:KERNEL32.dll
 0002:0000001c       __imp__QueryPerformanceCounter@4 0043001c     kernel32:KERNEL32.dll
 0002:00000020       __imp__EscapeCommFunction@8 00430020     kernel32:KERNEL32.dll
 0002:00000024       __imp__WriteFile@20        00430024     kernel32:KERNEL32.dll
 0002:00000028       __imp__SetCommState@8      00430028     kernel32:KERNEL32.dll
 0002:0000002c       __imp__SetCommTimeouts@8   0043002c     kernel32:KERNEL32.dll
 0002:00000030       __imp__Beep@8              00430030     kernel32:KERNEL32.dll
 0002:00000034       __imp__ReadFile@20         00430034     kernel32:KERNEL32.dll
 0002:00000038       __imp__GetLastError@0      00430038     kernel32:KERNEL32.dll
 0002:0000003c       __imp__GetFileType@4       0043003c     kernel32:KERNEL32.dll
 0002:00000040       __imp__SetConsoleCtrlHandler@8 00430040     kernel32:KERNEL32.dll
 0002:00000044       __imp__PurgeComm@8         00430044     kernel32:KERNEL32.dll
 0002:00000048       __imp__QueryPerformanceFrequency@4 00430048     kernel32:KERNEL32.dll
 0002:0000004c       __imp__OutputDebugStringA@4 0043004c     kernel32:KERNEL32.dll
 0002:00000050       __imp__CloseHandle@4       00430050     kernel32:KERNEL32.dll
 0002:00000054       __imp__GetSystemTime@4     00430054     kernel32:KERNEL32.dll
 0002:00000058       __imp__PeekNamedPipe@24    00430058     kernel32:KERNEL32.dll
 0002:0000005c       __imp__SetEndOfFile@4      0043005c     kernel32:KERNEL32.dll
 0002:00000060       __imp__WriteConsoleW@20    00430060     kernel32:KERNEL32.dll
 0002:00000064       __imp__GetConsoleOutputCP@0 00430064     kernel32:KERNEL32.dll
 0002:00000068       __imp__WriteConsoleA@20    00430068     kernel32:KERNEL32.dll
 0002:0000006c       __imp__RaiseException@16   0043006c     kernel32:KERNEL32.dll
 0002:00000070       __imp__FlushFileBuffers@4  00430070     kernel32:KERNEL32.dll
 0002:00000074       __imp__HeapSize@12         00430074     kernel32:KERNEL32.dll
 0002:00000078       __imp__GetLocaleInfoA@16   00430078     kernel32:KERNEL32.dll
 0002:0000007c       __imp__GetStringTypeW@16   0043007c     kernel32:KERNEL32.dll
 0002:00000080       __imp__GetStringTypeA@20   00430080     kernel32:KERNEL32.dll
 0002:00000084       __imp__SetFilePointer@16   00430084     kernel32:KERNEL32.dll
 0002:00000088       __imp__GetCurrentProcessId@0 00430088     kernel32:KERNEL32.dll
 0002:0000008c       __imp__GetTickCount@0      0043008c     kernel32:KERNEL32.dll
 0002:00000090       __imp__GetEnvironmentStringsW@0 00430090     kernel32:KERNEL32.dll
 0002:00000094       __imp__FreeEnvironmentStringsW@4 00430094     kernel32:KERNEL32.dll
 0002:00000098       __imp__GetEnvironmentStrings@0 00430098     kernel32:KERNEL32.dll
 0002:0000009c       __imp__FreeEnvironmentStringsA@4 0043009c     kernel32:KERNEL32.dll
 0002:000000a0       __imp__RtlUnwind@16        004300a0     kernel32:KERNEL32.dll
 0002:000000a4       __imp__GetConsoleMode@8    004300a4     kernel32:KERNEL32.dll
 0002:000000a8       __imp__GetConsoleCP@0      004300a8     kernel32:KERNEL32.dll
 0002:000000ac       __imp__SetStdHandle@8      004300ac     kernel32:KERNEL32.dll
 0002:000000b0       __imp__VirtualAlloc@16     004300b0     kernel32:KERNEL32.dll
 0002:000000b4       __imp__VirtualFree@12      004300b4     kernel32:KERNEL32.dll
 0002:000000b8       __imp__HeapCreate@12       004300b8     kernel32:KERNEL32.dll
 0002:000000bc       __imp__HeapDestroy@4       004300bc     kernel32:KERNEL32.dll
 0002:000000c0       __imp__LCMapStringW@24     004300c0     kernel32:KERNEL32.dll
 0002:000000c4       __imp__GetSystemTimeAsFileTime@4 004300c4     kernel32:KERNEL32.dll
 0002:000000c8       __imp__UnhandledExceptionFilter@4 004300c8     kernel32:KERNEL32.dll
 0002:000000cc       __imp__SetUnhandledExceptionFilter@4 004300cc     kernel32:KERNEL32.dll
 0002:000000d0       __imp__GetProcAddress@8    004300d0     kernel32:KERNEL32.dll
 0002:000000d4       __imp__GetModuleHandleA@4  004300d4     kernel32:KERNEL32.dll
 0002:000000d8       __imp__ExitProcess@4       004300d8     kernel32:KERNEL32.dll
 0002:000000dc       __imp__EnterCriticalSection@4 004300dc     kernel32:KERNEL32.dll
 0002:000000e0       __imp__LeaveCriticalSection@4 004300e0     kernel32:KERNEL32.dll
 0002:000000e4       __imp__HeapFree@12         004300e4     kernel32:KERNEL32.dll
 0002:000000e8       __imp__HeapAlloc@12        004300e8     kernel32:KERNEL32.dll
 0002:000000ec       __imp__HeapReAlloc@16      004300ec     kernel32:KERNEL32.dll
 0002:000000f0       __imp__GetCommandLineA@0   004300f0     kernel32:KERNEL32.dll
 0002:000000f4       __imp__GetVersionExA@4     004300f4     kernel32:KERNEL32.dll
 0002:000000f8       __imp__GetProcessHeap@0    004300f8     kernel32:KERNEL32.dll
 0002:000000fc       __imp__TerminateProcess@8  004300fc     kernel32:KERNEL32.dll
 0002:00000100       __imp__IsDebuggerPresent@0 00430100     kernel32:KERNEL32.dll
 0002:00000104       __imp__TlsGetValue@4       00430104     kernel32:KERNEL32.dll
 0002:00000108       __imp__TlsAlloc@0          00430108     kernel32:KERNEL32.dll
 0002:0000010c       __imp__TlsSetValue@8       0043010c     kernel32:KERNEL32.dll
 0002:00000110       __imp__TlsFree@4           00430110     kernel32:KERNEL32.dll
 0002:00000114       __imp__InterlockedIncrement@4 00430114     kernel32:KERNEL32.dll
 0002:00000118       __imp__SetLastError@4      00430118     kernel32:KERNEL32.dll
 0002:0000011c       __imp__GetCurrentThreadId@0 0043011c     kernel32:KERNEL32.dll
 0002:00000120       __imp__InterlockedDecrement@4 00430120     kernel32:KERNEL32.dll
 0002:00000124       __imp__GetStdHandle@4      00430124     kernel32:KERNEL32.dll
 0002:00000128       __imp__GetModuleFileNameA@12 00430128     kernel32:KERNEL32.dll
 0002:0000012c       __imp__GetCPInfo@8         0043012c     kernel32:KERNEL32.dll
 0002:00000130       __imp__GetACP@0            00430130     kernel32:KERNEL32.dll
 0002:00000134       __imp__GetOEMCP@0          00430134     kernel32:KERNEL32.dll
 0002:00000138       __imp__DeleteCriticalSection@4 00430138     kernel32:KERNEL32.dll
 0002:0000013c       __imp__LoadLibraryA@4      0043013c     kernel32:KERNEL32.dll
 0002:00000140       __imp__InitializeCriticalSection@4 00430140     kernel32:KERNEL32.dll
 0002:00000144       __imp__SetHandleCount@4    00430144     kernel32:KERNEL32.dll
 0002:00000148       __imp__GetStartupInfoA@4   00430148     kernel32:KERNEL32.dll
 0002:0000014c       __imp__LCMapStringA@24     0043014c     kernel32:KERNEL32.dll
 0002:00000150       __imp__WideCharToMultiByte@32 00430150     kernel32:KERNEL32.dll
 0002:00000154       __imp__MultiByteToWideChar@24 00430154     kernel32:KERNEL32.dll
 0002:00000158       \177KERNEL32_NULL_THUNK_DATA 00430158     kernel32:KERNEL32.dll
 0002:0000015c       __imp__waveInStart@4       0043015c     winmm:WINMM.dll
 0002:00000160       __imp__waveOutPrepareHeader@12 00430160     winmm:WINMM.dll
 0002:00000164       __imp__waveOutGetNumDevs@0 00430164     winmm:WINMM.dll
 0002:00000168       __imp__waveInGetDevCapsA@12 00430168     winmm:WINMM.dll
 0002:0000016c       __imp__waveOutOpen@24      0043016c     winmm:WINMM.dll
 0002:00000170       __imp__waveInUnprepareHeader@12 00430170     winmm:WINMM.dll
 0002:00000174       __imp__waveOutUnprepareHeader@12 00430174     winmm:WINMM.dll
 0002:00000178       __imp__waveOutGetDevCapsA@12 00430178     winmm:WINMM.dll
 0002:0000017c       __imp__timeGetTime@0       0043017c     winmm:WINMM.dll
 0002:00000180       __imp__waveInGetNumDevs@0  00430180     winmm:WINMM.dll
 0002:00000184       __imp__waveInAddBuffer@12  00430184     winmm:WINMM.dll
 0002:00000188       __imp__waveInOpen@24       00430188     winmm:WINMM.dll
 0002:0000018c       __imp__waveInPrepareHeader@12 0043018c     winmm:WINMM.dll
 0002:00000190       __imp__timeBeginPeriod@4   00430190     winmm:WINMM.dll
 0002:00000194       __imp__timeGetDevCaps@8    00430194     winmm:WINMM.dll
 0002:00000198       __imp__waveOutWrite@12     00430198     winmm:WINMM.dll
 0002:0000019c       __imp__waveOutClose@4      0043019c     winmm:WINMM.dll
 0002:000001a0       __imp__waveInClose@4       004301a0     winmm:WINMM.dll
 0002:000001a4       \177WINMM_NULL_THUNK_DATA  004301a4     winmm:WINMM.dll
 0002:000001a8       __imp__closesocket@4       004301a8     WS2_32:WS2_32.dll
 0002:000001ac       __imp__send@16             004301ac     WS2_32:WS2_32.dll
 0002:000001b0       __imp__accept@12           004301b0     WS2_32:WS2_32.dll
 0002:000001b4       __imp__listen@8            004301b4     WS2_32:WS2_32.dll
 0002:000001b8       __imp____WSAFDIsSet@8      004301b8     WS2_32:WS2_32.dll
 0002:000001bc       __imp__socket@12           004301bc     WS2_32:WS2_32.dll
 0002:000001c0       __imp__bind@12             004301c0     WS2_32:WS2_32.dll
 0002:000001c4       __imp__recv@16             004301c4     WS2_32:WS2_32.dll
 0002:000001c8       __imp__sendto@24           004301c8     WS2_32:WS2_32.dll
 0002:000001cc       __imp__setsockopt@20       004301cc     WS2_32:WS2_32.dll
 0002:000001d0       __imp__htons@4             004301d0     WS2_32:WS2_32.dll
 0002:000001d4       __imp__WSAGetLastError@0   004301d4     WS2_32:WS2_32.dll
 0002:000001d8       __imp__select@20           004301d8     WS2_32:WS2_32.dll
 0002:000001dc       __imp__recvfrom@24         004301dc     WS2_32:WS2_32.dll
 0002:000001e0       __imp__WSAStartup@8        004301e0     WS2_32:WS2_32.dll
 0002:000001e4       __imp__ioctlsocket@12      004301e4     WS2_32:WS2_32.dll
 0002:000001e8       \177WS2_32_NULL_THUNK_DATA 004301e8     WS2_32:WS2_32.dll
 0002:000001ec       ___xc_a                    004301ec     LIBCMT:crt0init.obj
 0002:000001f0       ___xc_z                    004301f0     LIBCMT:crt0init.obj
 0002:000001f4       ___xi_a                    004301f4     LIBCMT:crt0init.obj
 0002:0000020c       ___xi_z                    0043020c     LIBCMT:crt0init.obj
 0002:00000210       ___xp_a                    00430210     LIBCMT:crt0init.obj
 0002:0000021c       ___xp_z                    0043021c     LIBCMT:crt0init.obj
 0002:00000220       ___xt_a                    00430220     LIBCMT:crt0init.obj
 0002:00000224       ___xt_z                    00430224     LIBCMT:crt0init.obj
 0002:0000024c       ??_C@_0P@MIGLKIOC@CorExitProcess?$AA@ 0043024c     LIBCMT:crt0dat.obj
 0002:0000025c       ??_C@_0M@MBOPBNBK@mscoree?4dll?$AA@ 0043025c     LIBCMT:crt0dat.obj
 0002:000002b8       ??_C@_02LMMGGCAJ@?3?5?$AA@ 004302b8     LIBCMT:perror.obj
 0002:000002c4       ??_C@_0O@NLDKAIKN@EncodePointer?$AA@ 004302c4     LIBCMT:tidtable.obj
 0002:000002d4       ??_C@_0N@NHGLKGEC@KERNEL32?4DLL?$AA@ 004302d4     LIBCMT:tidtable.obj
 0002:000002e4       ??_C@_0O@KBPMFGHI@DecodePointer?$AA@ 004302e4     LIBCMT:tidtable.obj
 0002:000002f4       ??_C@_07PEJMOBNF@FlsFree?$AA@ 004302f4     LIBCMT:tidtable.obj
 0002:000002fc       ??_C@_0M@JCPCPOEF@FlsSetValue?$AA@ 004302fc     LIBCMT:tidtable.obj
 0002:00000308       ??_C@_0M@GDNOONDI@FlsGetValue?$AA@ 00430308     LIBCMT:tidtable.obj
 0002:00000314       ??_C@_08KNHFBNJ@FlsAlloc?$AA@ 00430314     LIBCMT:tidtable.obj
 0002:00000320       ??_C@_1O@CEDCILHN@?$AA?$CI?$AAn?$AAu?$AAl?$AAl?$AA?$CJ?$AA?$AA@ 00430320     LIBCMT:output.obj
 0002:00000330       ??_C@_06OJHGLDPL@?$CInull?$CJ?$AA@ 00430330     LIBCMT:output.obj
 0002:00000338       ___lookuptable             00430338     LIBCMT:output.obj
 0002:00000394       ??_C@_0P@GGKDKEEG@runtime?5error?5?$AA@ 00430394     LIBCMT:crt0msg.obj
 0002:000003a4       ??_C@_0O@MJNIPGOH@TLOSS?5error?$AN?6?$AA@ 004303a4     LIBCMT:crt0msg.obj
 0002:000003b4       ??_C@_0N@BONNPDHF@SING?5error?$AN?6?$AA@ 004303b4     LIBCMT:crt0msg.obj
 0002:000003c4       ??_C@_0P@MBDAJNE@DOMAIN?5error?$AN?6?$AA@ 004303c4     LIBCMT:crt0msg.obj
 0002:000003d8       ??_C@_0JL@DFDOOABL@R6034?$AN?6An?5application?5has?5made?5a@ 004303d8     LIBCMT:crt0msg.obj
 0002:00000478       ??_C@_0PH@EPAFIJ@R6033?$AN?6?9?5Attempt?5to?5use?5MSIL?5cod@ 00430478     LIBCMT:crt0msg.obj
 0002:00000570       ??_C@_0DD@BKEEABMM@R6032?$AN?6?9?5not?5enough?5space?5for?5lo@ 00430570     LIBCMT:crt0msg.obj
 0002:000005a8       ??_C@_0GD@OFKILIED@R6031?$AN?6?9?5Attempt?5to?5initialize?5t@ 004305a8     LIBCMT:crt0msg.obj
 0002:0000060c       ??_C@_0BP@LPMHJOKI@R6030?$AN?6?9?5CRT?5not?5initialized?$AN?6?$AA@ 0043060c     LIBCMT:crt0msg.obj
 0002:0000062c       ??_C@_0CF@KJDAIALP@R6028?$AN?6?9?5unable?5to?5initialize?5he@ 0043062c     LIBCMT:crt0msg.obj
 0002:00000654       ??_C@_0DF@GAKBPDFP@R6027?$AN?6?9?5not?5enough?5space?5for?5lo@ 00430654     LIBCMT:crt0msg.obj
 0002:0000068c       ??_C@_0DF@IBLNNAIG@R6026?$AN?6?9?5not?5enough?5space?5for?5st@ 0043068c     LIBCMT:crt0msg.obj
 0002:000006c4       ??_C@_0CG@IOHKGFNJ@R6025?$AN?6?9?5pure?5virtual?5function?5c@ 004306c4     LIBCMT:crt0msg.obj
 0002:000006ec       ??_C@_0DF@JIJJFJDC@R6024?$AN?6?9?5not?5enough?5space?5for?5_o@ 004306ec     LIBCMT:crt0msg.obj
 0002:00000724       ??_C@_0CJ@EGEJHFME@R6019?$AN?6?9?5unable?5to?5open?5console?5@ 00430724     LIBCMT:crt0msg.obj
 0002:00000750       ??_C@_0CB@GNHNIELH@R6018?$AN?6?9?5unexpected?5heap?5error?$AN?6@ 00430750     LIBCMT:crt0msg.obj
 0002:00000774       ??_C@_0CN@FOLDKNG@R6017?$AN?6?9?5unexpected?5multithread?5@ 00430774     LIBCMT:crt0msg.obj
 0002:000007a4       ??_C@_0CM@FAHFJNHO@R6016?$AN?6?9?5not?5enough?5space?5for?5th@ 004307a4     LIBCMT:crt0msg.obj
 0002:000007d0       ??_C@_0JG@LBKMGKLD@?$AN?6This?5application?5has?5requested@ 004307d0     LIBCMT:crt0msg.obj
 0002:00000868       ??_C@_0CM@FLCNIPKK@R6009?$AN?6?9?5not?5enough?5space?5for?5en@ 00430868     LIBCMT:crt0msg.obj
 0002:00000894       ??_C@_0CK@KMMJOAPP@R6008?$AN?6?9?5not?5enough?5space?5for?5ar@ 00430894     LIBCMT:crt0msg.obj
 0002:000008c0       ??_C@_0CF@HOHMHDEK@R6002?$AN?6?9?5floating?5point?5not?5load@ 004308c0     LIBCMT:crt0msg.obj
 0002:000008e8       ??_C@_0CF@GOGNBNAK@Microsoft?5Visual?5C?$CL?$CL?5Runtime?5Lib@ 004308e8     LIBCMT:crt0msg.obj
 0002:00000910       ??_C@_02PHMGELLB@?6?6?$AA@ 00430910     LIBCMT:crt0msg.obj
 0002:00000914       ??_C@_03KHICJKCI@?4?4?4?$AA@ 00430914     LIBCMT:crt0msg.obj
 0002:00000918       ??_C@_0BH@DNAGHKFM@?$DMprogram?5name?5unknown?$DO?$AA@ 00430918     LIBCMT:crt0msg.obj
 0002:00000930       ??_C@_0BK@OFGJDLJJ@Runtime?5Error?$CB?6?6Program?3?5?$AA@ 00430930     LIBCMT:crt0msg.obj
 0002:000009d0       ??_C@_0CG@PKBDLMEO@InitializeCriticalSectionAndSpin@ 004309d0     LIBCMT:initcrit.obj
 0002:000009f8       ??_C@_0N@MDJJJHMB@kernel32?4dll?$AA@ 004309f8     LIBCMT:initcrit.obj
 0002:00000a08       ??_C@_13NOLLCAOD@?$AA?$AA?$AA?$AA@ 00430a08     LIBCMT:a_map.obj
 0002:00000a78       ??_C@_03IIINPABG@tan?$AA@  00430a78     LIBCMT:libm_error.obj
 0002:00000a7c       ??_C@_03LALBNOCG@cos?$AA@  00430a7c     LIBCMT:libm_error.obj
 0002:00000a80       ??_C@_03BLEJJJBH@sin?$AA@  00430a80     LIBCMT:libm_error.obj
 0002:00000a84       ??_C@_04EHEDPDJG@modf?$AA@ 00430a84     LIBCMT:libm_error.obj
 0002:00000a8c       ??_C@_05PBJFFIGL@floor?$AA@ 00430a8c     LIBCMT:libm_error.obj
 0002:00000a94       ??_C@_04GFPJNGEK@ceil?$AA@ 00430a94     LIBCMT:libm_error.obj
 0002:00000a9c       ??_C@_04MLLJIGOK@atan?$AA@ 00430a9c     LIBCMT:libm_error.obj
 0002:00000aa4       ??_C@_05EOHGHCHD@exp10?$AA@ 00430aa4     LIBCMT:libm_error.obj
 0002:00000aac       ??_C@_04PDIFKINK@acos?$AA@ 00430aac     LIBCMT:libm_error.obj
 0002:00000ab4       ??_C@_04FIHNOPOL@asin?$AA@ 00430ab4     LIBCMT:libm_error.obj
 0002:00000abc       ??_C@_03MGHMBJCF@log?$AA@  00430abc     LIBCMT:libm_error.obj
 0002:00000ac0       ??_C@_05HGHHAHAP@log10?$AA@ 00430ac0     LIBCMT:libm_error.obj
 0002:00000ac8       ??_C@_03KHJOGHMM@exp?$AA@  00430ac8     LIBCMT:libm_error.obj
 0002:00000acc       ??_C@_03JGHBODFD@pow?$AA@  00430acc     LIBCMT:libm_error.obj
 0002:00000ad0       ??_C@_0BG@KLEAJEFJ@Illegal?5byte?5sequence?$AA@ 00430ad0     LIBCMT:syserr.obj
 0002:00000ae8       ??_C@_0BE@ICMCHPHH@Directory?5not?5empty?$AA@ 00430ae8     LIBCMT:syserr.obj
 0002:00000afc       ??_C@_0BJ@IHEHINLI@Function?5not?5implemented?$AA@ 00430afc     LIBCMT:syserr.obj
 0002:00000b18       ??_C@_0BD@CLHBCGPB@No?5locks?5available?$AA@ 00430b18     LIBCMT:syserr.obj
 0002:00000b2c       ??_C@_0BC@BEDIHIDK@Filename?5too?5long?$AA@ 00430b2c     LIBCMT:syserr.obj
 0002:00000b40       ??_C@_0BK@JAEBMJJM@Resource?5deadlock?5avoided?$AA@ 00430b40     LIBCMT:syserr.obj
 0002:00000b5c       ??_C@_0BB@FCBJFCAJ@Result?5too?5large?$AA@ 00430b5c     LIBCMT:syserr.obj
 0002:00000b70       ??_C@_0N@MMJPGLJK@Domain?5error?$AA@ 00430b70     LIBCMT:syserr.obj
 0002:00000b80       ??_C@_0M@LHEPIIOM@Broken?5pipe?$AA@ 00430b80     LIBCMT:syserr.obj
 0002:00000b8c       ??_C@_0P@PKCJJLLM@Too?5many?5links?$AA@ 00430b8c     LIBCMT:syserr.obj
 0002:00000b9c       ??_C@_0BG@DDBFNKBH@Read?9only?5file?5system?$AA@ 00430b9c     LIBCMT:syserr.obj
 0002:00000bb4       ??_C@_0N@FEHLOILP@Invalid?5seek?$AA@ 00430bb4     LIBCMT:syserr.obj
 0002:00000bc4       ??_C@_0BI@FEALHKLD@No?5space?5left?5on?5device?$AA@ 00430bc4     LIBCMT:syserr.obj
 0002:00000bdc       ??_C@_0P@LFMMIPAE@File?5too?5large?$AA@ 00430bdc     LIBCMT:syserr.obj
 0002:00000bec       ??_C@_0CE@ONOKNLPF@Inappropriate?5I?1O?5control?5operat@ 00430bec     LIBCMT:syserr.obj
 0002:00000c10       ??_C@_0BE@INBJMKGG@Too?5many?5open?5files?$AA@ 00430c10     LIBCMT:syserr.obj
 0002:00000c24       ??_C@_0BO@IIFBODJE@Too?5many?5open?5files?5in?5system?$AA@ 00430c24     LIBCMT:syserr.obj
 0002:00000c44       ??_C@_0BB@HMGGCEBG@Invalid?5argument?$AA@ 00430c44     LIBCMT:syserr.obj
 0002:00000c58       ??_C@_0P@NDHGCGKE@Is?5a?5directory?$AA@ 00430c58     LIBCMT:syserr.obj
 0002:00000c68       ??_C@_0BA@CJBACOOL@Not?5a?5directory?$AA@ 00430c68     LIBCMT:syserr.obj
 0002:00000c78       ??_C@_0P@NLEIANHE@No?5such?5device?$AA@ 00430c78     LIBCMT:syserr.obj
 0002:00000c88       ??_C@_0O@OAMDNOCP@Improper?5link?$AA@ 00430c88     LIBCMT:syserr.obj
 0002:00000c98       ??_C@_0M@NAAJNNGH@File?5exists?$AA@ 00430c98     LIBCMT:syserr.obj
 0002:00000ca4       ??_C@_0BA@BIBLIOEK@Resource?5device?$AA@ 00430ca4     LIBCMT:syserr.obj
 0002:00000cb4       ??_C@_0O@NIPGCINC@Unknown?5error?$AA@ 00430cb4     LIBCMT:syserr.obj
 0002:00000cc4       ??_C@_0M@LOEHLCJD@Bad?5address?$AA@ 00430cc4     LIBCMT:syserr.obj
 0002:00000cd0       ??_C@_0BC@HFNFNKAI@Permission?5denied?$AA@ 00430cd0     LIBCMT:syserr.obj
 0002:00000ce4       ??_C@_0BB@IMDKMPFB@Not?5enough?5space?$AA@ 00430ce4     LIBCMT:syserr.obj
 0002:00000cf8       ??_C@_0CB@EPFKGNAK@Resource?5temporarily?5unavailable@ 00430cf8     LIBCMT:syserr.obj
 0002:00000d1c       ??_C@_0BD@LOHELEP@No?5child?5processes?$AA@ 00430d1c     LIBCMT:syserr.obj
 0002:00000d30       ??_C@_0BE@NFGDDCEF@Bad?5file?5descriptor?$AA@ 00430d30     LIBCMT:syserr.obj
 0002:00000d44       ??_C@_0BC@HKPNECK@Exec?5format?5error?$AA@ 00430d44     LIBCMT:syserr.obj
 0002:00000d58       ??_C@_0BC@MFFGCDFL@Arg?5list?5too?5long?$AA@ 00430d58     LIBCMT:syserr.obj
 0002:00000d6c       ??_C@_0BK@DPKMCKJ@No?5such?5device?5or?5address?$AA@ 00430d6c     LIBCMT:syserr.obj
 0002:00000d88       ??_C@_0BD@KKNFOBBD@Input?1output?5error?$AA@ 00430d88     LIBCMT:syserr.obj
 0002:00000d9c       ??_C@_0BK@FJBOAFDK@Interrupted?5function?5call?$AA@ 00430d9c     LIBCMT:syserr.obj
 0002:00000db8       ??_C@_0BA@FKIAIBGA@No?5such?5process?$AA@ 00430db8     LIBCMT:syserr.obj
 0002:00000dc8       ??_C@_0BK@FMDHKPNF@No?5such?5file?5or?5directory?$AA@ 00430dc8     LIBCMT:syserr.obj
 0002:00000de4       ??_C@_0BI@BJFCGOHL@Operation?5not?5permitted?$AA@ 00430de4     LIBCMT:syserr.obj
 0002:00000dfc       ??_C@_08INEPGKHH@No?5error?$AA@ 00430dfc     LIBCMT:syserr.obj
 0002:00000e30       ___lookuptable_s           00430e30     LIBCMT:outputs.obj
 0002:00000e8c       ??_C@_0BI@DFKBFLJE@GetProcessWindowStation?$AA@ 00430e8c     LIBCMT:crtmbox.obj
 0002:00000ea4       ??_C@_0BK@CIDNPOGP@GetUserObjectInformationA?$AA@ 00430ea4     LIBCMT:crtmbox.obj
 0002:00000ec0       ??_C@_0BD@HHGDFDBJ@GetLastActivePopup?$AA@ 00430ec0     LIBCMT:crtmbox.obj
 0002:00000ed4       ??_C@_0BA@HNOPNCHB@GetActiveWindow?$AA@ 00430ed4     LIBCMT:crtmbox.obj
 0002:00000ee4       ??_C@_0M@CHKKJDAI@MessageBoxA?$AA@ 00430ee4     LIBCMT:crtmbox.obj
 0002:00000ef0       ??_C@_0L@NDEGIDAG@USER32?4DLL?$AA@ 00430ef0     LIBCMT:crtmbox.obj
 0002:00000f00       ___newctype                00430f00     LIBCMT:ctype.obj
 0002:00001200       __wctype                   00431200     LIBCMT:ctype.obj
 0002:00001408       ___newclmap                00431408     LIBCMT:ctype.obj
 0002:00001588       ___newcumap                00431588     LIBCMT:ctype.obj
 0002:00001708       ??_C@_08JCCMCCIL@HH?3mm?3ss?$AA@ 00431708     LIBCMT:strftime.obj
 0002:00001714       ??_C@_0BE@CKGJFCPC@dddd?0?5MMMM?5dd?0?5yyyy?$AA@ 00431714     LIBCMT:strftime.obj
 0002:00001728       ??_C@_08BPBNCDIB@MM?1dd?1yy?$AA@ 00431728     LIBCMT:strftime.obj
 0002:00001734       ??_C@_02CJNFDJBF@PM?$AA@   00431734     LIBCMT:strftime.obj
 0002:00001738       ??_C@_02DEDBPAFC@AM?$AA@   00431738     LIBCMT:strftime.obj
 0002:0000173c       ??_C@_08EDHMEBNP@December?$AA@ 0043173c     LIBCMT:strftime.obj
 0002:00001748       ??_C@_08HCHEGEOA@November?$AA@ 00431748     LIBCMT:strftime.obj
 0002:00001754       ??_C@_07JJNFCEND@October?$AA@ 00431754     LIBCMT:strftime.obj
 0002:0000175c       ??_C@_09BHHEALKD@September?$AA@ 0043175c     LIBCMT:strftime.obj
 0002:00001768       ??_C@_06LBBHFDDG@August?$AA@ 00431768     LIBCMT:strftime.obj
[...]
 0003:0000ea24       __debugger_hook_dummy      0044fa24     <common>
 0003:0000ea28       __pmatherr                 0044fa28     <common>
 0003:0000ea2c       ___sbh_cntHeaderList       0044fa2c     <common>
 0003:0000ea30       ___sbh_pHeaderList         0044fa30     <common>
 0003:0000ea34       ___sbh_threshold           0044fa34     <common>
 0003:0000ea38       ___sbh_pHeaderScan         0044fa38     <common>
 0003:0000ea3c       ___sbh_sizeHeaderList      0044fa3c     <common>
 0003:0000ea40       ___sbh_indGroupDefer       0044fa40     <common>
 0003:0000ea44       ___active_heap             0044fa44     <common>
 0003:0000ea48       __nhandle                  0044fa48     <common>
 0003:0000ea60       ___pioinfo                 0044fa60     <common>
 0003:0000eb60       __pDestructExceptionObject 0044fb60     <common>
 0003:0000eb64       ___use_sse2_mathfcns       0044fb64     <common>
 0003:0000eb68       ___sse2_available          0044fb68     <common>
 0003:0000eb6c       __acmdln                   0044fb6c     <common>
 0003:0000eb70       ___piob                    0044fb70     <common>
 0003:0000eb80       __bufin                    0044fb80     <common>
 0003:0000fb80       __nstream                  00450b80     <common>
 0003:0000fb84       ___env_initialized         00450b84     <common>
 0003:0000fb88       ___onexitend               00450b88     <common>
 0003:0000fb8c       ___onexitbegin             00450b8c     <common>
 0003:0000fb90       ___mbctype_initialized     00450b90     <common>
 0003:0000fb94       ___dyn_tls_init_callback   00450b94     <common>
 0003:0000fba0       _RXBUFFER                  00450ba0     <common>
 0003:0000fd94       _VCOM                      00450d94     <common>
 0003:0000fda0       _PORTNAME                  00450da0     <common>
 0003:0000fdf0       _NewVCOM                   00450df0     <common>
 0003:0000fdf4       _PortEnabled               00450df4     <common>
 0003:0000fdf8       _NewTicks                  00450df8     <common>
 0003:0000fe00       _StartTicks                00450e00     <common>
 0003:0000fe20       _inbuffer                  00450e20     <common>
 0003:00010780       _pwic                      00451780     <common>
 0003:000107c0       _Pixels                    004517c0     <common>
 0003:000117c0       _pwoc                      004527c0     <common>
 0003:000117f8       _Frequency                 004527f8     <common>
 0003:00011800       _LastNow                   00452800     <common>
 0003:00011820       _buffer                    00452820     <common>
 0003:00012ae0       _mettab                    00453ae0     <common>
 0003:000132e0       _bytSoftIQ                 004542e0     <common>
 0003:0001d1a0       _ARDOPDataBuffer           0045e1a0     <common>
 0003:0001f1a0       _ARDOPBuffer               004601a0     <common>
 0003:000211a0       _GUIHost                   004621a0     <common>
 0003:000211c0       _bytDataToSend             004621c0     <common>
 0003:00039860       _intRSLen                  0047a860     <common>
 0003:00039880       _intPriorMixedSamples      0047a880     <common>
 0003:00039970       _totSymbols                0047a970     <common>
 0003:00039974       _intARQRTmeasuredMs        0047a974     <common>
 0003:00039980       _dblPhase_1                0047a980     <common>
 0003:000399a8       _blnSymbolSyncFound        0047a9a8     <common>
 0003:000399ac       _dblHanAng                 0047a9ac     <common>
 0003:000399c0       _intNforGoertzel           0047a9c0     <common>
 0003:000399e0       _strRcvFrameTag            0047a9e0     <common>
 0003:00039a00       _SymbolsLeft               0047aa00     <common>
 0003:00039a04       _intCarFreq                0047aa04     <common>
 0003:00039a20       _dblFreqBin                0047aa20     <common>
 0003:00039a48       _blnOdd                    0047aa48     <common>
 0003:00039a60       _rawSamples                0047aa60     <common>
 0003:0003ad20       _dblHanWin                 0047bd20     <common>
 0003:0003af00       _intSampPerSym             0047bf00     <common>
 0003:0003af04       _intDataLen                0047bf04     <common>
 0003:0003af08       _frameLen                  0047bf08     <common>
 0003:0003af0c       _intPSKMode                0047bf0c     <common>
 0003:0003af20       _intPSKPhase_1             0047bf20     <common>
 0003:0003af40       _dblHammingWin480          0047bf40     <common>
 0003:0003b6c0       _strDecodeCapture          0047c6c0     <common>
 0003:0003bac0       _intNumCar                 0047cac0     <common>
 0003:0003bac4       _intPhasesLen              0047cac4     <common>
 0003:0003bac8       _blnFrameSyncFound         0047cac8     <common>
 0003:0003bacc       _intBaud                   0047cacc     <common>
 0003:0003bae0       _intPSKPhase_0             0047cae0     <common>
 0003:0003bb00       _bytData                   0047cb00     <common>
 0003:0003d338       _dttLastLeaderDetect       0047e338     <common>
 0003:0003d340       _CarrierOk                 0047e340     <common>
 0003:0003d360       _intCP                     0047e360     <common>
 0003:0003d380       _intFilteredMixedSamples   0047e380     <common>
 0003:000421a0       _totalRSErrors             004831a0     <common>
 0003:000421a4       _dblPhaseDiff1_2Avg        004831a4     <common>
 0003:000421a8       _intFrameType              004831a8     <common>
 0003:000421ac       _intLastIDSNReceived       004831ac     <common>
 0003:000421b0       _LastDataFrameType         004831b0     <common>
 0003:000421c0       _dblPhase_0                004831c0     <common>
 0003:000421e8       _dttStartRmtLeaderMeasure  004831e8     <common>
 0003:00042200       _bytFrameData              00483200     <common>
 0003:00042820       _bytDataforHost            00483820     <common>
 0003:00043960       _SCSReply                  00484960     <common>
 0003:00043a80       _CMDReplyBuffer            00484a80     <common>
 0003:00043b80       _PacketMon                 00484b80     <common>
 0003:00043ce8       _Term4Mode                 00484ce8     <common>
 0003:00043cf0       _ReportCall                00484cf0     <common>
 0003:00043d00       _LogToHostBuffer           00484d00     <common>
 0003:00044500       _ReplyLen                  00485500     <common>
 0003:00044504       _RXBPtr                    00485504     <common>
 0003:00044520       _CatRXbuffer               00485520     <common>
 0003:00044620       _CommandToHostBufferLen    00485620     <common>
 0003:00044640       _CommandToHostBuffer       00485640     <common>
 0003:00044840       _Toggle                    00485840     <common>
 0003:00044860       _bytEchoData               00485860     <common>
 0003:00044cc0       _genPoly                   00485cc0     <common>
 0003:000450c0       _synBytes                  004860c0     <common>
 0003:000452c0       _AuxAX                     004862c0     <common>
 0003:00045308       _pktDataLen                00486308     <common>
 0003:0004530c       _pktRSLen                  0048630c     <common>
 0003:00045310       _pktRXMode                 00486310     <common>
 0003:00045314       _fWidth                    00486314     <common>
 0003:00045318       _ScaleFactor               00486318     <common>
 0003:0004531c       _DMABuffer                 0048631c     <common>
 0003:00045320       _last                      00486320     <common>
 0003:00045324       _SampleNo                  00486324     <common>
 0003:00045340       _Last120                   00486340     <common>
 0003:00045540       _centreSlot                00486540     <common>
 0003:00045544       _modmaxSample              00486544     <common>
 0003:00045548       _first                     00486548     <common>
 0003:00045560       _KISSBUFFER                00486560     <common>
 0003:00045760       _KISSRXBUFF                00486760     <common>
 0003:00046760       _hDevice                   00487760     <common>
 0003:00046780       _KISSTXBUFF                00487780     <common>
 0003:00047780       _gexp                      00488780     <common>
 0003:00047f80       _glog                      00488f80     <common>
 0003:00048380       _bytFailedData             00489380     <common>
 0003:000489c0       _bytFailedDataLength       004899c0     <common>
 0003:000489c4       _crcLastFECDataPassedToHost 004899c4     <common>
 0003:000489c8       _bytFrameType              004899c8     <common>
 0003:000489cc       _dttLastFECIDSent          004899cc     <common>
 0003:000489d0       _blnSendIDFrame            004899d0     <common>
 0003:000489d4       _bytLastFECDataFrameSent   004899d4     <common>
 0003:000489d8       _intFECFramesSent          004899d8     <common>
 0003:000489dc       _FECRepeatsSent            004899dc     <common>
 0003:000489e0       _dttLastTrip               004899e0     <common>
 0003:000489e4       _NErrors                   004899e4     <common>
 0003:000489e8       _bytLastACKedDataFrameType 004899e8     <common>
 0003:000489ec       _intQAMSymbolCnt           004899ec     <common>
 0003:000489f0       _strRemoteCallsign         004899f0     <common>
 0003:000489fc       _intShiftDNs               004899fc     <common>
 0003:00048a00       _strLocalCallsign          00489a00     <common>
 0003:00048a0c       _intReceivedLeaderLen      00489a0c     <common>
 0003:00048a10       _intAvgFSKQuality          00489a10     <common>
 0003:00048a14       _intShiftUPs               00489a14     <common>
 0003:00048a18       _intSessionBW              00489a18     <common>
 0003:00048a1c       _intGoodFSKFrameTypes      00489a1c     <common>
 0003:00048a20       _intTimeouts               00489a20     <common>
 0003:00048a24       _intFailedFSKFrameDataDecodes 00489a24     <common>
 0003:00048a28       _intAccumQAMTracking       00489a28     <common>
 0003:00048a2c       _intAvgPSKQuality          00489a2c     <common>
 0003:00048a30       _intLeaderDetects          00489a30     <common>
 0003:00048a34       _blnDISCRepeating          00489a34     <common>
 0003:00048a38       _upThresholds              00489a38     <common>
 0003:00048a3c       _intFrameRepeatInterval    00489a3c     <common>
 0003:00048a40       _intAccumFSKTracking       00489a40     <common>
 0003:00048a44       _dblLeaderSNAvg            00489a44     <common>
 0003:00048a48       _dttStartSession           00489a48     <common>
 0003:00048a4c       _intBW                     00489a4c     <common>
 0003:00048a50       _dblAvgPSKRefErr           00489a50     <common>
 0003:00048a60       _strFinalIDCallsign        00489a60     <common>
 0003:00048a6c       _intPSKSymbolCnt           00489a6c     <common>
 0003:00048a70       _bytFrameLengthsForBW      00489a70     <common>
 0003:00048a74       _intQAMTrackAttempts       00489a74     <common>
 0003:00048a80       _intNAKLoQThresholds       00489a80     <common>
 0003:00048aa0       _strGridSquare             00489aa0     <common>
 0003:00048aaa       _bytLastReceivedDataFrameType 00489aaa     <common>
 0003:00048aac       _dttLastIDSent             00489aac     <common>
 0003:00048ab0       _intLinkTurnovers          00489ab0     <common>
 0003:00048ab4       _blnEnbARQRpt              00489ab4     <common>
 0003:00048ab8       _intFailedFSKFrameTypes    00489ab8     <common>
 0003:00048abc       _bytFrameTypesForBW        00489abc     <common>
 0003:00048ac0       _intAccumPSKTracking       00489ac0     <common>
 0003:00048ac4       _intGoodFSKFrameDataDecodes 00489ac4     <common>
 0003:00048ac8       _dblAvgDecodeDistance      00489ac8     <common>
 0003:00048acc       _ARQState                  00489acc     <common>
 0003:00048ad0       _intEnvelopeCors           00489ad0     <common>
 0003:00048ad4       _intConReqQuality          00489ad4     <common>
 0003:00048ad8       _intConReqSN               00489ad8     <common>
 0003:00048adc       _intFrameSyncs             00489adc     <common>
 0003:00048ae0       _intGoodPSKSummationDecodes 00489ae0     <common>
 0003:00048ae4       _intDecodeDistanceCount    00489ae4     <common>
 0003:00048ae8       _blnARQConnected           00489ae8     <common>
 0003:00048aec       _intGoodPSKFrameDataDecodes 00489aec     <common>
 0003:00048af0       _intLeaderSyncs            00489af0     <common>
 0003:00048af4       _tmrPollOBQueue            00489af4     <common>
 0003:00048af8       _intPSKTrackAttempts       00489af8     <common>
 0003:00048b00       _intACKHiQThresholds       00489b00     <common>
 0003:00048b18       _bytPendingSessionID       00489b18     <common>
 0003:00048b1c       _dttTimeoutTrip            00489b1c     <common>
 0003:00048b20       _downThresholds            00489b20     <common>
 0003:00048b24       _blnPending                00489b24     <common>
 0003:00048b28       _bytLastARQSessionID       00489b28     <common>
 0003:00048b2c       _intFSKSymbolCnt           00489b2c     <common>
 0003:00048b30       _intFailedPSKFrameDataDecodes 00489b30     <common>
 0003:00048b34       _intFailedQAMFrameDataDecodes 00489b34     <common>
 0003:00048b38       _intGoodFSKSummationDecodes 00489b38     <common>
 0003:00048b3c       _dblFSKTuningSNAvg         00489b3c     <common>
 0003:00048b40       _intGoodQAMFrameDataDecodes 00489b40     <common>
 0003:00048b44       _dblAvgCorMaxToMaxProduct  00489b44     <common>
 0003:00048b48       _BytesSent                 00489b48     <common>
 0003:00048b4c       _DecodeCompleteTime        00489b4c     <common>
 0003:00048b50       _stcLastPingdttTimeReceived 00489b50     <common>
 0003:00048b54       _EncLen                    00489b54     <common>
 0003:00048b60       _PTTOnCmd                  00489b60     <common>
 0003:00048ba0       _dttStartRTMeasure         00489ba0     <common>
 0003:00048ba4       _intQAMQuality             00489ba4     <common>
 0003:00048bb0       _stcLastPingstrTarget      00489bb0     <common>
 0003:00048bbc       _State                     00489bbc     <common>
 0003:00048bc0       _dttLastPINGSent           00489bc0     <common>
 0003:00048bc4       _bytValidFrameTypes        00489bc4     <common>
 0003:00048bc8       _CQCount                   00489bc8     <common>
 0003:00048bd0       _intPSKQualityCnts         00489bd0     <common>
 0003:00048bd8       _intPSKSymbolsDecoded      00489bd8     <common>
 0003:00048be0       _stcLastPingstrSender      00489be0     <common>
 0003:00048bec       _stcLastPingintQuality     00489bec     <common>
 0003:00048bf0       _bytValidFrameTypesLength  00489bf0     <common>
 0003:00048c00       _dblMagSpectrum            00489c00     <common>
 0003:00048f38       _intRepeatCount            00489f38     <common>
 0003:00048f3c       _tmrSendTimeout            00489f3c     <common>
 0003:00048f40       _BytesReceived             00489f40     <common>
 0003:00048f44       _intQAMSymbolsDecoded      00489f44     <common>
 0003:00048f48       _intQAMQualityCnts         00489f48     <common>
 0003:00048f60       _PTTOffCmd                 00489f60     <common>
 0003:00048fa0       _stcLastPingintRcvdSN      00489fa0     <common>
 0003:00048fa4       _PingCount                 00489fa4     <common>
 0003:00048fa8       _intGoodQAMSummationDecodes 00489fa8     <common>
 0003:00048fac       _ProtocolState             00489fac     <common>
 0003:00048fb0       _intLastRcvdFrameQuality   00489fb0     <common>
 0003:00048fb4       _newStatus                 00489fb4     <common>
 0003:00048fb8       _intPSKQuality             00489fb8     <common>
 0003:00048fc0       _intCalcLeader             00489fc0     <common>
 0003:00048fc4       _blnBusyStatus             00489fc4     <common>
 0003:00048fe0       _SentPSNList               00489fe0     <common>
 0003:00049008       _Frameheader               0048a008     <common>
 0003:00049020       _UnackedPSNList            0048a020     <common>
 0003:0004a860       _AckedPSNList              0048b860     <common>
 0003:0004a8a0       _ReceivedPSNList           0048b8a0     <common>
 0003:0004c0d8       _LastPSN                   0048d0d8     <common>
 0003:0004c0e0       _SentPSNListByCarrier      0048d0e0     <common>

 entry point at        0001:0001e562

 Static symbols

 0001:00007670       _compute_discrepancy       00408670 f    CIL library: CIL module
 0001:00008b10       _init_exp_table            00409b10 f    CIL library: CIL module
 0001:00008ee0       _getopt_parse              00409ee0 f    CIL library: CIL module
 0001:0000f960       _compute_genpoly           00410960 f    CIL library: CIL module
 0001:0001ca0b       __initterm                 0041da0b f   LIBCMT:crt0dat.obj
 0001:0001cb48       _doexit                    0041db48 f   LIBCMT:crt0dat.obj
 0001:0001cf70       _swap                      0041df70 f   LIBCMT:qsort.obj
 0001:0001cfa0       _shortsort                 0041dfa0 f   LIBCMT:qsort.obj
 0001:0001d3de       ?_strupr_s_l_stat@@YAHPADIPAUlocaleinfo_struct@@@Z 0041e3de f   LIBCMT:strupr.obj
 0001:0001e347       _fast_error_exit           0041f347 f   LIBCMT:crt0.obj
 0001:0001e36b       _check_managed_app         0041f36b f   LIBCMT:crt0.obj
 0001:0001e3ac       ___tmainCRTStartup         0041f3ac f   LIBCMT:crt0.obj
 0001:0001e670       _fastcopy_I                0041f670 f   LIBCMT:p4_memcpy.obj
 0001:0001ee81       _write_char                0041fe81 f   LIBCMT:output.obj
 0001:0001eeb4       _write_multi_char          0041feb4 f   LIBCMT:output.obj
 0001:0001eed8       _write_string              0041fed8 f   LIBCMT:output.obj
 0001:0001fc46       _siglookup                 00420c46 f   LIBCMT:winsig.obj
 0001:00020010       ?strtoxl@@YAKPAUlocaleinfo_struct@@PBDPAPBDHH@Z 00421010 f   LIBCMT:strtol.obj
 0001:00020264       ?CPtoLCID@@YAHH@Z          00421264 f   LIBCMT:mbctype.obj
 0001:00020293       ?setSBCS@@YAXPAUthreadmbcinfostruct@@@Z 00421293 f   LIBCMT:mbctype.obj
 0001:000202e8       ?setSBUpLow@@YAXPAUthreadmbcinfostruct@@@Z 004212e8 f   LIBCMT:mbctype.obj
 0001:00020516       ?getSystemCP@@YAHH@Z       00421516 f   LIBCMT:mbctype.obj
 0001:00020b45       __updatetlocinfoEx_nolock  00421b45 f   LIBCMT:setlocal.obj
 0001:0002110d       __onexit_nolock            0042210d f   LIBCMT:onexit.obj
 0001:00021555       ___crtInitCritSecNoSpinCount@8 00422555 f   LIBCMT:initcrit.obj
 0001:000219d9       _flsall                    004229d9 f   LIBCMT:fflush.obj
 0001:00021b4e       ?__crtLCMapStringA_stat@@YAHPAUlocaleinfo_struct@@KKPBDHPADHHH@Z 00422b4e f   LIBCMT:a_map.obj
 0001:000242f0       __unwind_handler4          004252f0 f   LIBCMT:exsup4.obj
 0001:0002461b       _parse_cmdline             0042561b f   LIBCMT:stdargv.obj
 0001:00024a3d       _has_osfxsr_set            00425a3d f   LIBCMT:cpu_disp.obj
 0001:00024f55       _fastzero_I                00425f55 f   LIBCMT:p4_memset.obj
 0001:000254a4       ?__crtGetStringTypeA_stat@@YAHPAUlocaleinfo_struct@@KPBDHPAGHHH@Z 004264a4 f   LIBCMT:a_str.obj
 0001:00026a30       __tsopen_nolock            00427a30 f   LIBCMT:open.obj
 0001:00027528       __unwind_handler           00428528 f   LIBCMT:exsup.obj
 0001:0002763f       ?x_ismbbtype_l@@YAHPAUlocaleinfo_struct@@IHH@Z 0042863f f   LIBCMT:ismbbyte.obj
 0001:00027909       __shift                    00428909 f   LIBCMT:cvt.obj
 0001:00027942       __cftoe2_l                 00428942 f   LIBCMT:cvt.obj
 0001:00027f0c       __cftof2_l                 00428f0c f   LIBCMT:cvt.obj
 0001:0002ab59       __hw_cw                    0042bb59 f   LIBCMT:ieee87.obj
 0001:0002abe7       ___hw_cw_sse2              0042bbe7 f   LIBCMT:ieee87.obj
